Archive member included to satisfy reference by file (symbol)

d:/arm-none-eabi/bin/../lib/gcc/arm-none-eabi/10.3.1/../../../../arm-none-eabi/lib/thumb/v7-m/nofp\libg.a(lib_a-errno.o)
                              CMakeFiles/demo.elf.dir/Core/Src/syscalls.c.obj (__errno)
d:/arm-none-eabi/bin/../lib/gcc/arm-none-eabi/10.3.1/../../../../arm-none-eabi/lib/thumb/v7-m/nofp\libg.a(lib_a-exit.o)
                              d:/arm-none-eabi/bin/../lib/gcc/arm-none-eabi/10.3.1/../../../../arm-none-eabi/lib/thumb/v7-m/nofp/crt0.o (exit)
d:/arm-none-eabi/bin/../lib/gcc/arm-none-eabi/10.3.1/../../../../arm-none-eabi/lib/thumb/v7-m/nofp\libg.a(lib_a-impure.o)
                              d:/arm-none-eabi/bin/../lib/gcc/arm-none-eabi/10.3.1/../../../../arm-none-eabi/lib/thumb/v7-m/nofp\libg.a(lib_a-exit.o) (_global_impure_ptr)
d:/arm-none-eabi/bin/../lib/gcc/arm-none-eabi/10.3.1/../../../../arm-none-eabi/lib/thumb/v7-m/nofp\libg.a(lib_a-init.o)
                              d:/arm-none-eabi/bin/../lib/gcc/arm-none-eabi/10.3.1/../../../../arm-none-eabi/lib/thumb/v7-m/nofp/crt0.o (__libc_init_array)
d:/arm-none-eabi/bin/../lib/gcc/arm-none-eabi/10.3.1/../../../../arm-none-eabi/lib/thumb/v7-m/nofp\libg.a(lib_a-memcpy.o)
                              CMakeFiles/demo.elf.dir/Middlewares/Third_Party/FreeRTOS/Source/CMSIS_RTOS_V2/cmsis_os2.c.obj (memcpy)
d:/arm-none-eabi/bin/../lib/gcc/arm-none-eabi/10.3.1/../../../../arm-none-eabi/lib/thumb/v7-m/nofp\libg.a(lib_a-memset.o)
                              d:/arm-none-eabi/bin/../lib/gcc/arm-none-eabi/10.3.1/../../../../arm-none-eabi/lib/thumb/v7-m/nofp/crt0.o (memset)
d:/arm-none-eabi/bin/../lib/gcc/arm-none-eabi/10.3.1/../../../../arm-none-eabi/lib/thumb/v7-m/nofp\libg.a(lib_a-__call_atexit.o)
                              d:/arm-none-eabi/bin/../lib/gcc/arm-none-eabi/10.3.1/../../../../arm-none-eabi/lib/thumb/v7-m/nofp\libg.a(lib_a-exit.o) (__call_exitprocs)
d:/arm-none-eabi/bin/../lib/gcc/arm-none-eabi/10.3.1/../../../../arm-none-eabi/lib/thumb/v7-m/nofp\libg.a(lib_a-atexit.o)
                              d:/arm-none-eabi/bin/../lib/gcc/arm-none-eabi/10.3.1/../../../../arm-none-eabi/lib/thumb/v7-m/nofp\libg.a(lib_a-__call_atexit.o) (atexit)
d:/arm-none-eabi/bin/../lib/gcc/arm-none-eabi/10.3.1/../../../../arm-none-eabi/lib/thumb/v7-m/nofp\libg.a(lib_a-fini.o)
                              d:/arm-none-eabi/bin/../lib/gcc/arm-none-eabi/10.3.1/../../../../arm-none-eabi/lib/thumb/v7-m/nofp\libg.a(lib_a-__call_atexit.o) (__libc_fini_array)
d:/arm-none-eabi/bin/../lib/gcc/arm-none-eabi/10.3.1/../../../../arm-none-eabi/lib/thumb/v7-m/nofp\libg.a(lib_a-lock.o)
                              d:/arm-none-eabi/bin/../lib/gcc/arm-none-eabi/10.3.1/../../../../arm-none-eabi/lib/thumb/v7-m/nofp\libg.a(lib_a-__call_atexit.o) (__retarget_lock_acquire_recursive)
d:/arm-none-eabi/bin/../lib/gcc/arm-none-eabi/10.3.1/../../../../arm-none-eabi/lib/thumb/v7-m/nofp\libg.a(lib_a-__atexit.o)
                              d:/arm-none-eabi/bin/../lib/gcc/arm-none-eabi/10.3.1/../../../../arm-none-eabi/lib/thumb/v7-m/nofp\libg.a(lib_a-atexit.o) (__register_exitproc)

Discarded input sections

 .text          0x00000000        0x0 d:/arm-none-eabi/bin/../lib/gcc/arm-none-eabi/10.3.1/thumb/v7-m/nofp/crti.o
 .data          0x00000000        0x0 d:/arm-none-eabi/bin/../lib/gcc/arm-none-eabi/10.3.1/thumb/v7-m/nofp/crti.o
 .bss           0x00000000        0x0 d:/arm-none-eabi/bin/../lib/gcc/arm-none-eabi/10.3.1/thumb/v7-m/nofp/crti.o
 .data          0x00000000        0x4 d:/arm-none-eabi/bin/../lib/gcc/arm-none-eabi/10.3.1/thumb/v7-m/nofp/crtbegin.o
 .rodata        0x00000000       0x24 d:/arm-none-eabi/bin/../lib/gcc/arm-none-eabi/10.3.1/thumb/v7-m/nofp/crtbegin.o
 .text          0x00000000       0x7c d:/arm-none-eabi/bin/../lib/gcc/arm-none-eabi/10.3.1/../../../../arm-none-eabi/lib/thumb/v7-m/nofp/crt0.o
 .data          0x00000000        0x0 d:/arm-none-eabi/bin/../lib/gcc/arm-none-eabi/10.3.1/../../../../arm-none-eabi/lib/thumb/v7-m/nofp/crt0.o
 .bss           0x00000000        0x0 d:/arm-none-eabi/bin/../lib/gcc/arm-none-eabi/10.3.1/../../../../arm-none-eabi/lib/thumb/v7-m/nofp/crt0.o
 .ARM.extab     0x00000000        0x0 d:/arm-none-eabi/bin/../lib/gcc/arm-none-eabi/10.3.1/../../../../arm-none-eabi/lib/thumb/v7-m/nofp/crt0.o
 .ARM.exidx     0x00000000       0x10 d:/arm-none-eabi/bin/../lib/gcc/arm-none-eabi/10.3.1/../../../../arm-none-eabi/lib/thumb/v7-m/nofp/crt0.o
 .ARM.attributes
                0x00000000       0x1b d:/arm-none-eabi/bin/../lib/gcc/arm-none-eabi/10.3.1/../../../../arm-none-eabi/lib/thumb/v7-m/nofp/crt0.o
 .text          0x00000000        0x0 CMakeFiles/demo.elf.dir/Core/Src/freertos.c.obj
 .data          0x00000000        0x0 CMakeFiles/demo.elf.dir/Core/Src/freertos.c.obj
 .bss           0x00000000        0x0 CMakeFiles/demo.elf.dir/Core/Src/freertos.c.obj
 .text          0x00000000        0x0 CMakeFiles/demo.elf.dir/Core/Src/gpio.c.obj
[...]
Memory Configuration

Name             Origin             Length             Attributes
RAM              0x20000000         0x00005000         xrw
FLASH            0x08000000         0x00010000         xr
*default*        0x00000000         0xffffffff

Linker script and memory map

LOAD d:/arm-none-eabi/bin/../lib/gcc/arm-none-eabi/10.3.1/thumb/v7-m/nofp/crti.o
LOAD d:/arm-none-eabi/bin/../lib/gcc/arm-none-eabi/10.3.1/thumb/v7-m/nofp/crtbegin.o
LOAD d:/arm-none-eabi/bin/../lib/gcc/arm-none-eabi/10.3.1/../../../../arm-none-eabi/lib/thumb/v7-m/nofp/crt0.o
LOAD CMakeFiles/demo.elf.dir/Core/Src/freertos.c.obj
LOAD CMakeFiles/demo.elf.dir/Core/Src/gpio.c.obj
LOAD CMakeFiles/demo.elf.dir/Core/Src/main.c.obj
LOAD CMakeFiles/demo.elf.dir/Core/Src/stm32f1xx_hal_msp.c.obj
LOAD CMakeFiles/demo.elf.dir/Core/Src/stm32f1xx_hal_timebase_tim.c.obj
LOAD CMakeFiles/demo.elf.dir/Core/Src/stm32f1xx_it.c.obj
LOAD CMakeFiles/demo.elf.dir/Core/Src/syscalls.c.obj
LOAD CMakeFiles/demo.elf.dir/Core/Src/sysmem.c.obj
LOAD CMakeFiles/demo.elf.dir/Core/Src/system_stm32f1xx.c.obj
LOAD CMakeFiles/demo.elf.dir/Core/Startup/startup_stm32f103c8tx.s.obj
LOAD CMakeFiles/demo.elf.dir/Drivers/STM32F1xx_HAL_Driver/Src/stm32f1xx_hal.c.obj
LOAD CMakeFiles/demo.elf.dir/Drivers/STM32F1xx_HAL_Driver/Src/stm32f1xx_hal_cortex.c.obj
LOAD CMakeFiles/demo.elf.dir/Drivers/STM32F1xx_HAL_Driver/Src/stm32f1xx_hal_dma.c.obj
LOAD CMakeFiles/demo.elf.dir/Drivers/STM32F1xx_HAL_Driver/Src/stm32f1xx_hal_exti.c.obj
LOAD CMakeFiles/demo.elf.dir/Drivers/STM32F1xx_HAL_Driver/Src/stm32f1xx_hal_flash.c.obj
LOAD CMakeFiles/demo.elf.dir/Drivers/STM32F1xx_HAL_Driver/Src/stm32f1xx_hal_flash_ex.c.obj
LOAD CMakeFiles/demo.elf.dir/Drivers/STM32F1xx_HAL_Driver/Src/stm32f1xx_hal_gpio.c.obj
LOAD CMakeFiles/demo.elf.dir/Drivers/STM32F1xx_HAL_Driver/Src/stm32f1xx_hal_gpio_ex.c.obj
LOAD CMakeFiles/demo.elf.dir/Drivers/STM32F1xx_HAL_Driver/Src/stm32f1xx_hal_pwr.c.obj
LOAD CMakeFiles/demo.elf.dir/Drivers/STM32F1xx_HAL_Driver/Src/stm32f1xx_hal_rcc.c.obj
LOAD CMakeFiles/demo.elf.dir/Drivers/STM32F1xx_HAL_Driver/Src/stm32f1xx_hal_rcc_ex.c.obj
LOAD CMakeFiles/demo.elf.dir/Drivers/STM32F1xx_HAL_Driver/Src/stm32f1xx_hal_tim.c.obj
LOAD CMakeFiles/demo.elf.dir/Drivers/STM32F1xx_HAL_Driver/Src/stm32f1xx_hal_tim_ex.c.obj
LOAD CMakeFiles/demo.elf.dir/Middlewares/Third_Party/FreeRTOS/Source/CMSIS_RTOS_V2/cmsis_os2.c.obj
LOAD CMakeFiles/demo.elf.dir/Middlewares/Third_Party/FreeRTOS/Source/croutine.c.obj
LOAD CMakeFiles/demo.elf.dir/Middlewares/Third_Party/FreeRTOS/Source/event_groups.c.obj
LOAD CMakeFiles/demo.elf.dir/Middlewares/Third_Party/FreeRTOS/Source/list.c.obj
LOAD CMakeFiles/demo.elf.dir/Middlewares/Third_Party/FreeRTOS/Source/portable/GCC/ARM_CM3/port.c.obj
LOAD CMakeFiles/demo.elf.dir/Middlewares/Third_Party/FreeRTOS/Source/portable/MemMang/heap_4.c.obj
LOAD CMakeFiles/demo.elf.dir/Middlewares/Third_Party/FreeRTOS/Source/queue.c.obj
LOAD CMakeFiles/demo.elf.dir/Middlewares/Third_Party/FreeRTOS/Source/stream_buffer.c.obj
LOAD CMakeFiles/demo.elf.dir/Middlewares/Third_Party/FreeRTOS/Source/tasks.c.obj
LOAD CMakeFiles/demo.elf.dir/Middlewares/Third_Party/FreeRTOS/Source/timers.c.obj
START GROUP
LOAD d:/arm-none-eabi/bin/../lib/gcc/arm-none-eabi/10.3.1/thumb/v7-m/nofp\libgcc.a
LOAD d:/arm-none-eabi/bin/../lib/gcc/arm-none-eabi/10.3.1/../../../../arm-none-eabi/lib/thumb/v7-m/nofp\libg.a
LOAD d:/arm-none-eabi/bin/../lib/gcc/arm-none-eabi/10.3.1/../../../../arm-none-eabi/lib/thumb/v7-m/nofp\libc.a
END GROUP
LOAD d:/arm-none-eabi/bin/../lib/gcc/arm-none-eabi/10.3.1/thumb/v7-m/nofp/crtend.o
LOAD d:/arm-none-eabi/bin/../lib/gcc/arm-none-eabi/10.3.1/thumb/v7-m/nofp/crtn.o
                0x20005000                _estack = (ORIGIN (RAM) + LENGTH (RAM))
                0x00000200                _Min_Heap_Size = 0x200
                0x00000400                _Min_Stack_Size = 0x400

.isr_vector     0x08000000      0x10c
                0x08000000                . = ALIGN (0x4)
 *(.isr_vector)
 .isr_vector    0x08000000      0x10c CMakeFiles/demo.elf.dir/Core/Startup/startup_stm32f103c8tx.s.obj
                0x08000000                g_pfnVectors
                0x0800010c                . = ALIGN (0x4)

.text           0x08000110     0x2e58
                0x08000110                . = ALIGN (0x4)
 *(.text)
 .text          0x08000110       0x40 d:/arm-none-eabi/bin/../lib/gcc/arm-none-eabi/10.3.1/thumb/v7-m/nofp/crtbegin.o
 .text          0x08000150       0xec d:/arm-none-eabi/bin/../lib/gcc/arm-none-eabi/10.3.1/../../../../arm-none-eabi/lib/thumb/v7-m/nofp\libg.a(lib_a-memcpy.o)
                0x08000150                memcpy
 *(.text*)
 .text.LED1_Task
                0x0800023c        0xa CMakeFiles/demo.elf.dir/Core/Src/freertos.c.obj
                0x0800023c                LED1_Task
 .text.LED2_Task
                0x08000246        0xa CMakeFiles/demo.elf.dir/Core/Src/freertos.c.obj
                0x08000246                LED2_Task
 .text.MX_FREERTOS_Init
                0x08000250       0x38 CMakeFiles/demo.elf.dir/Core/Src/freertos.c.obj
                0x08000250                MX_FREERTOS_Init
 .text.MX_GPIO_Init
                0x08000288       0x88 CMakeFiles/demo.elf.dir/Core/Src/gpio.c.obj
                0x08000288                MX_GPIO_Init
 .text.HAL_TIM_PeriodElapsedCallback
                0x08000310       0x12 CMakeFiles/demo.elf.dir/Core/Src/main.c.obj
                0x08000310                HAL_TIM_PeriodElapsedCallback
 .text.Error_Handler
                0x08000322        0x4 CMakeFiles/demo.elf.dir/Core/Src/main.c.obj
                0x08000322                Error_Handler
 .text.SystemClock_Config
                0x08000326       0x64 CMakeFiles/demo.elf.dir/Core/Src/main.c.obj
                0x08000326                SystemClock_Config
 .text.main     0x0800038a       0x1c CMakeFiles/demo.elf.dir/Core/Src/main.c.obj
                0x0800038a                main
 *fill*         0x080003a6        0x2 
 .text.HAL_MspInit
                0x080003a8       0x54 CMakeFiles/demo.elf.dir/Core/Src/stm32f1xx_hal_msp.c.obj
                0x080003a8                HAL_MspInit
 .text.HAL_InitTick
                0x080003fc       0xa0 CMakeFiles/demo.elf.dir/Core/Src/stm32f1xx_hal_timebase_tim.c.obj
                0x080003fc                HAL_InitTick
 .text.NMI_Handler
                0x0800049c        0x2 CMakeFiles/demo.elf.dir/Core/Src/stm32f1xx_it.c.obj
                0x0800049c                NMI_Handler
 .text.HardFault_Handler
                0x0800049e        0x2 CMakeFiles/demo.elf.dir/Core/Src/stm32f1xx_it.c.obj
                0x0800049e                HardFault_Handler
 .text.MemManage_Handler
                0x080004a0        0x2 CMakeFiles/demo.elf.dir/Core/Src/stm32f1xx_it.c.obj
                0x080004a0                MemManage_Handler
 .text.BusFault_Handler
                0x080004a2        0x2 CMakeFiles/demo.elf.dir/Core/Src/stm32f1xx_it.c.obj
                0x080004a2                BusFault_Handler
 .text.UsageFault_Handler
                0x080004a4        0x2 CMakeFiles/demo.elf.dir/Core/Src/stm32f1xx_it.c.obj
                0x080004a4                UsageFault_Handler
 .text.DebugMon_Handler
                0x080004a6        0x2 CMakeFiles/demo.elf.dir/Core/Src/stm32f1xx_it.c.obj
                0x080004a6                DebugMon_Handler
 .text.TIM2_IRQHandler
                0x080004a8       0x10 CMakeFiles/demo.elf.dir/Core/Src/stm32f1xx_it.c.obj
                0x080004a8                TIM2_IRQHandler
 .text.SystemInit
                0x080004b8        0x2 CMakeFiles/demo.elf.dir/Core/Src/system_stm32f1xx.c.obj
                0x080004b8                SystemInit
 *fill*         0x080004ba        0x2 
 .text.Reset_Handler
                0x080004bc       0x48 CMakeFiles/demo.elf.dir/Core/Startup/startup_stm32f103c8tx.s.obj
                0x080004bc                Reset_Handler
 .text.Default_Handler
                0x08000504        0x2 CMakeFiles/demo.elf.dir/Core/Startup/startup_stm32f103c8tx.s.obj
                0x08000504                RTC_Alarm_IRQHandler
                0x08000504                EXTI2_IRQHandler
                0x08000504                TIM1_CC_IRQHandler
                0x08000504                PVD_IRQHandler
                0x08000504                EXTI3_IRQHandler
                0x08000504                EXTI0_IRQHandler
                0x08000504                I2C2_EV_IRQHandler
                0x08000504                ADC1_2_IRQHandler
                0x08000504                SPI1_IRQHandler
                0x08000504                TAMPER_IRQHandler
                0x08000504                DMA1_Channel4_IRQHandler
                0x08000504                USART3_IRQHandler
                0x08000504                RTC_IRQHandler
                0x08000504                DMA1_Channel7_IRQHandler
                0x08000504                CAN1_RX1_IRQHandler
                0x08000504                TIM4_IRQHandler
                0x08000504                I2C1_EV_IRQHandler
                0x08000504                DMA1_Channel6_IRQHandler
                0x08000504                TIM3_IRQHandler
                0x08000504                RCC_IRQHandler
                0x08000504                TIM1_TRG_COM_IRQHandler
                0x08000504                DMA1_Channel1_IRQHandler
                0x08000504                Default_Handler
                0x08000504                EXTI15_10_IRQHandler
                0x08000504                EXTI9_5_IRQHandler
                0x08000504                SPI2_IRQHandler
                0x08000504                DMA1_Channel5_IRQHandler
                0x08000504                EXTI4_IRQHandler
                0x08000504                USB_LP_CAN1_RX0_IRQHandler
                0x08000504                USB_HP_CAN1_TX_IRQHandler
                0x08000504                DMA1_Channel3_IRQHandler
                0x08000504                TIM1_UP_IRQHandler
                0x08000504                WWDG_IRQHandler
                0x08000504                TIM1_BRK_IRQHandler
                0x08000504                EXTI1_IRQHandler
                0x08000504                USART2_IRQHandler
                0x08000504                I2C2_ER_IRQHandler
                0x08000504                DMA1_Channel2_IRQHandler
                0x08000504                CAN1_SCE_IRQHandler
                0x08000504                FLASH_IRQHandler
                0x08000504                USART1_IRQHandler
                0x08000504                I2C1_ER_IRQHandler
                0x08000504                USBWakeUp_IRQHandler
 *fill*         0x08000506        0x2 
 .text.HAL_Init
                0x08000508       0x24 CMakeFiles/demo.elf.dir/Drivers/STM32F1xx_HAL_Driver/Src/stm32f1xx_hal.c.obj
                0x08000508                HAL_Init
 .text.HAL_IncTick
                0x0800052c       0x18 CMakeFiles/demo.elf.dir/Drivers/STM32F1xx_HAL_Driver/Src/stm32f1xx_hal.c.obj
                0x0800052c                HAL_IncTick
 .text.HAL_GetTick
                0x08000544        0xc CMakeFiles/demo.elf.dir/Drivers/STM32F1xx_HAL_Driver/Src/stm32f1xx_hal.c.obj
                0x08000544                HAL_GetTick
 .text.HAL_NVIC_SetPriorityGrouping
                0x08000550       0x24 CMakeFiles/demo.elf.dir/Drivers/STM32F1xx_HAL_Driver/Src/stm32f1xx_hal_cortex.c.obj
                0x08000550                HAL_NVIC_SetPriorityGrouping
 .text.HAL_NVIC_SetPriority
                0x08000574       0x70 CMakeFiles/demo.elf.dir/Drivers/STM32F1xx_HAL_Driver/Src/stm32f1xx_hal_cortex.c.obj
                0x08000574                HAL_NVIC_SetPriority
 .text.HAL_NVIC_EnableIRQ
                0x080005e4       0x1c CMakeFiles/demo.elf.dir/Drivers/STM32F1xx_HAL_Driver/Src/stm32f1xx_hal_cortex.c.obj
                0x080005e4                HAL_NVIC_EnableIRQ
 .text.HAL_GPIO_Init
                0x08000600      0x224 CMakeFiles/demo.elf.dir/Drivers/STM32F1xx_HAL_Driver/Src/stm32f1xx_hal_gpio.c.obj
                0x08000600                HAL_GPIO_Init
 .text.HAL_GPIO_WritePin
                0x08000824        0xc CMakeFiles/demo.elf.dir/Drivers/STM32F1xx_HAL_Driver/Src/stm32f1xx_hal_gpio.c.obj
                0x08000824                HAL_GPIO_WritePin
 .text.RCC_Delay
                0x08000830       0x2c CMakeFiles/demo.elf.dir/Drivers/STM32F1xx_HAL_Driver/Src/stm32f1xx_hal_rcc.c.obj
 .text.HAL_RCC_OscConfig
                0x0800085c      0x410 CMakeFiles/demo.elf.dir/Drivers/STM32F1xx_HAL_Driver/Src/stm32f1xx_hal_rcc.c.obj
                0x0800085c                HAL_RCC_OscConfig
 .text.HAL_RCC_GetSysClockFreq
                0x08000c6c       0x54 CMakeFiles/demo.elf.dir/Drivers/STM32F1xx_HAL_Driver/Src/stm32f1xx_hal_rcc.c.obj
                0x08000c6c                HAL_RCC_GetSysClockFreq
 .text.HAL_RCC_ClockConfig
                0x08000cc0      0x16c CMakeFiles/demo.elf.dir/Drivers/STM32F1xx_HAL_Driver/Src/stm32f1xx_hal_rcc.c.obj
                0x08000cc0                HAL_RCC_ClockConfig
 .text.HAL_RCC_GetHCLKFreq
                0x08000e2c        0xc CMakeFiles/demo.elf.dir/Drivers/STM32F1xx_HAL_Driver/Src/stm32f1xx_hal_rcc.c.obj
                0x08000e2c                HAL_RCC_GetHCLKFreq
 .text.HAL_RCC_GetPCLK1Freq
                0x08000e38       0x20 CMakeFiles/demo.elf.dir/Drivers/STM32F1xx_HAL_Driver/Src/stm32f1xx_hal_rcc.c.obj
                0x08000e38                HAL_RCC_GetPCLK1Freq
 .text.HAL_RCC_GetClockConfig
                0x08000e58       0x3c CMakeFiles/demo.elf.dir/Drivers/STM32F1xx_HAL_Driver/Src/stm32f1xx_hal_rcc.c.obj
                0x08000e58                HAL_RCC_GetClockConfig
 .text.HAL_TIM_Base_MspInit
                0x08000e94        0x2 CMakeFiles/demo.elf.dir/Drivers/STM32F1xx_HAL_Driver/Src/stm32f1xx_hal_tim.c.obj
                0x08000e94                HAL_TIM_Base_MspInit
 *fill*         0x08000e96        0x2 
 .text.HAL_TIM_Base_Start_IT
                0x08000e98       0x68 CMakeFiles/demo.elf.dir/Drivers/STM32F1xx_HAL_Driver/Src/stm32f1xx_hal_tim.c.obj
                0x08000e98                HAL_TIM_Base_Start_IT
 .text.HAL_TIM_OC_DelayElapsedCallback
                0x08000f00        0x2 CMakeFiles/demo.elf.dir/Drivers/STM32F1xx_HAL_Driver/Src/stm32f1xx_hal_tim.c.obj
                0x08000f00                HAL_TIM_OC_DelayElapsedCallback
 .text.HAL_TIM_IC_CaptureCallback
                0x08000f02        0x2 CMakeFiles/demo.elf.dir/Drivers/STM32F1xx_HAL_Driver/Src/stm32f1xx_hal_tim.c.obj
                0x08000f02                HAL_TIM_IC_CaptureCallback
 .text.HAL_TIM_PWM_PulseFinishedCallback
                0x08000f04        0x2 CMakeFiles/demo.elf.dir/Drivers/STM32F1xx_HAL_Driver/Src/stm32f1xx_hal_tim.c.obj
                0x08000f04                HAL_TIM_PWM_PulseFinishedCallback
 .text.HAL_TIM_TriggerCallback
                0x08000f06        0x2 CMakeFiles/demo.elf.dir/Drivers/STM32F1xx_HAL_Driver/Src/stm32f1xx_hal_tim.c.obj
                0x08000f06                HAL_TIM_TriggerCallback
 .text.HAL_TIM_IRQHandler
                0x08000f08      0x17a CMakeFiles/demo.elf.dir/Drivers/STM32F1xx_HAL_Driver/Src/stm32f1xx_hal_tim.c.obj
                0x08000f08                HAL_TIM_IRQHandler
 *fill*         0x08001082        0x2 
 .text.TIM_Base_SetConfig
                0x08001084       0x74 CMakeFiles/demo.elf.dir/Drivers/STM32F1xx_HAL_Driver/Src/stm32f1xx_hal_tim.c.obj
                0x08001084                TIM_Base_SetConfig
 .text.HAL_TIM_Base_Init
                0x080010f8       0x58 CMakeFiles/demo.elf.dir/Drivers/STM32F1xx_HAL_Driver/Src/stm32f1xx_hal_tim.c.obj
                0x080010f8                HAL_TIM_Base_Init
 .text.HAL_TIMEx_CommutCallback
                0x08001150        0x2 CMakeFiles/demo.elf.dir/Drivers/STM32F1xx_HAL_Driver/Src/stm32f1xx_hal_tim_ex.c.obj
                0x08001150                HAL_TIMEx_CommutCallback
 .text.HAL_TIMEx_BreakCallback
                0x08001152        0x2 CMakeFiles/demo.elf.dir/Drivers/STM32F1xx_HAL_Driver/Src/stm32f1xx_hal_tim_ex.c.obj
                0x08001152                HAL_TIMEx_BreakCallback
 .text.osKernelInitialize
                0x08001154       0x44 CMakeFiles/demo.elf.dir/Middlewares/Third_Party/FreeRTOS/Source/CMSIS_RTOS_V2/cmsis_os2.c.obj
                0x08001154                osKernelInitialize
 .text.osKernelStart
                0x08001198       0x4c CMakeFiles/demo.elf.dir/Middlewares/Third_Party/FreeRTOS/Source/CMSIS_RTOS_V2/cmsis_os2.c.obj
                0x08001198                osKernelStart
 .text.osThreadNew
                0x080011e4       0xec CMakeFiles/demo.elf.dir/Middlewares/Third_Party/FreeRTOS/Source/CMSIS_RTOS_V2/cmsis_os2.c.obj
                0x080011e4                osThreadNew
 .text.osDelay  0x080012d0       0x44 CMakeFiles/demo.elf.dir/Middlewares/Third_Party/FreeRTOS/Source/CMSIS_RTOS_V2/cmsis_os2.c.obj
                0x080012d0                osDelay
 .text.vApplicationGetIdleTaskMemory
                0x08001314       0x18 CMakeFiles/demo.elf.dir/Middlewares/Third_Party/FreeRTOS/Source/CMSIS_RTOS_V2/cmsis_os2.c.obj
                0x08001314                vApplicationGetIdleTaskMemory
 .text.vApplicationGetTimerTaskMemory
                0x0800132c       0x18 CMakeFiles/demo.elf.dir/Middlewares/Third_Party/FreeRTOS/Source/CMSIS_RTOS_V2/cmsis_os2.c.obj
                0x0800132c                vApplicationGetTimerTaskMemory
 .text.vListInitialise
                0x08001344       0x16 CMakeFiles/demo.elf.dir/Middlewares/Third_Party/FreeRTOS/Source/list.c.obj
                0x08001344                vListInitialise
 .text.vListInitialiseItem
                0x0800135a        0x6 CMakeFiles/demo.elf.dir/Middlewares/Third_Party/FreeRTOS/Source/list.c.obj
                0x0800135a                vListInitialiseItem
 .text.vListInsertEnd
                0x08001360       0x16 CMakeFiles/demo.elf.dir/Middlewares/Third_Party/FreeRTOS/Source/list.c.obj
                0x08001360                vListInsertEnd
 .text.vListInsert
                0x08001376       0x32 CMakeFiles/demo.elf.dir/Middlewares/Third_Party/FreeRTOS/Source/list.c.obj
                0x08001376                vListInsert
 .text.uxListRemove
                0x080013a8       0x26 CMakeFiles/demo.elf.dir/Middlewares/Third_Party/FreeRTOS/Source/list.c.obj
                0x080013a8                uxListRemove
 *fill*         0x080013ce        0x2 
 .text.prvTaskExitError
                0x080013d0       0x40 CMakeFiles/demo.elf.dir/Middlewares/Third_Party/FreeRTOS/Source/portable/GCC/ARM_CM3/port.c.obj
 .text.prvPortStartFirstTask
                0x08001410       0x20 CMakeFiles/demo.elf.dir/Middlewares/Third_Party/FreeRTOS/Source/portable/GCC/ARM_CM3/port.c.obj
 .text.pxPortInitialiseStack
                0x08001430       0x24 CMakeFiles/demo.elf.dir/Middlewares/Third_Party/FreeRTOS/Source/portable/GCC/ARM_CM3/port.c.obj
                0x08001430                pxPortInitialiseStack
 *fill*         0x08001454        0xc 
 .text.SVC_Handler
                0x08001460       0x24 CMakeFiles/demo.elf.dir/Middlewares/Third_Party/FreeRTOS/Source/portable/GCC/ARM_CM3/port.c.obj
                0x08001460                SVC_Handler
 .text.vPortEnterCritical
                0x08001484       0x44 CMakeFiles/demo.elf.dir/Middlewares/Third_Party/FreeRTOS/Source/portable/GCC/ARM_CM3/port.c.obj
                0x08001484                vPortEnterCritical
 .text.vPortExitCritical
                0x080014c8       0x2c CMakeFiles/demo.elf.dir/Middlewares/Third_Party/FreeRTOS/Source/portable/GCC/ARM_CM3/port.c.obj
                0x080014c8                vPortExitCritical
 *fill*         0x080014f4        0xc 
 .text.PendSV_Handler
                0x08001500       0x44 CMakeFiles/demo.elf.dir/Middlewares/Third_Party/FreeRTOS/Source/portable/GCC/ARM_CM3/port.c.obj
                0x08001500                PendSV_Handler
 .text.SysTick_Handler
                0x08001544       0x2c CMakeFiles/demo.elf.dir/Middlewares/Third_Party/FreeRTOS/Source/portable/GCC/ARM_CM3/port.c.obj
                0x08001544                SysTick_Handler
 .text.vPortSetupTimerInterrupt
                0x08001570       0x28 CMakeFiles/demo.elf.dir/Middlewares/Third_Party/FreeRTOS/Source/portable/GCC/ARM_CM3/port.c.obj
                0x08001570                vPortSetupTimerInterrupt
 .text.xPortStartScheduler
                0x08001598       0xc0 CMakeFiles/demo.elf.dir/Middlewares/Third_Party/FreeRTOS/Source/portable/GCC/ARM_CM3/port.c.obj
                0x08001598                xPortStartScheduler
 .text.vPortValidateInterruptPriority
                0x08001658       0x5c CMakeFiles/demo.elf.dir/Middlewares/Third_Party/FreeRTOS/Source/portable/GCC/ARM_CM3/port.c.obj
                0x08001658                vPortValidateInterruptPriority
 .text.prvHeapInit
                0x080016b4       0x64 CMakeFiles/demo.elf.dir/Middlewares/Third_Party/FreeRTOS/Source/portable/MemMang/heap_4.c.obj
 .text.prvInsertBlockIntoFreeList
                0x08001718       0x60 CMakeFiles/demo.elf.dir/Middlewares/Third_Party/FreeRTOS/Source/portable/MemMang/heap_4.c.obj
 .text.pvPortMalloc
                0x08001778       0xf0 CMakeFiles/demo.elf.dir/Middlewares/Third_Party/FreeRTOS/Source/portable/MemMang/heap_4.c.obj
                0x08001778                pvPortMalloc
 .text.vPortFree
                0x08001868       0x70 CMakeFiles/demo.elf.dir/Middlewares/Third_Party/FreeRTOS/Source/portable/MemMang/heap_4.c.obj
                0x08001868                vPortFree
 .text.prvIsQueueFull
                0x080018d8       0x1e CMakeFiles/demo.elf.dir/Middlewares/Third_Party/FreeRTOS/Source/queue.c.obj
 .text.prvIsQueueEmpty
                0x080018f6       0x1a CMakeFiles/demo.elf.dir/Middlewares/Third_Party/FreeRTOS/Source/queue.c.obj
 .text.prvCopyDataToQueue
                0x08001910       0x76 CMakeFiles/demo.elf.dir/Middlewares/Third_Party/FreeRTOS/Source/queue.c.obj
 .text.prvCopyDataFromQueue
                0x08001986       0x24 CMakeFiles/demo.elf.dir/Middlewares/Third_Party/FreeRTOS/Source/queue.c.obj
 .text.prvUnlockQueue
                0x080019aa       0x6e CMakeFiles/demo.elf.dir/Middlewares/Third_Party/FreeRTOS/Source/queue.c.obj
 .text.xQueueGenericReset
                0x08001a18       0x84 CMakeFiles/demo.elf.dir/Middlewares/Third_Party/FreeRTOS/Source/queue.c.obj
                0x08001a18                xQueueGenericReset
 .text.prvInitialiseNewQueue
                0x08001a9c       0x22 CMakeFiles/demo.elf.dir/Middlewares/Third_Party/FreeRTOS/Source/queue.c.obj
 .text.xQueueGenericCreateStatic
                0x08001abe       0x92 CMakeFiles/demo.elf.dir/Middlewares/Third_Party/FreeRTOS/Source/queue.c.obj
                0x08001abe                xQueueGenericCreateStatic
 .text.xQueueGenericSend
                0x08001b50      0x188 CMakeFiles/demo.elf.dir/Middlewares/Third_Party/FreeRTOS/Source/queue.c.obj
                0x08001b50                xQueueGenericSend
 .text.xQueueGenericSendFromISR
                0x08001cd8       0xcc CMakeFiles/demo.elf.dir/Middlewares/Third_Party/FreeRTOS/Source/queue.c.obj
                0x08001cd8                xQueueGenericSendFromISR
 .text.xQueueReceive
                0x08001da4      0x15e CMakeFiles/demo.elf.dir/Middlewares/Third_Party/FreeRTOS/Source/queue.c.obj
                0x08001da4                xQueueReceive
 *fill*         0x08001f02        0x2 
 .text.vQueueAddToRegistry
                0x08001f04       0x28 CMakeFiles/demo.elf.dir/Middlewares/Third_Party/FreeRTOS/Source/queue.c.obj
                0x08001f04                vQueueAddToRegistry
 .text.vQueueWaitForMessageRestricted
                0x08001f2c       0x52 CMakeFiles/demo.elf.dir/Middlewares/Third_Party/FreeRTOS/Source/queue.c.obj
                0x08001f2c                vQueueWaitForMessageRestricted
 *fill*         0x08001f7e        0x2 
 .text.prvResetNextTaskUnblockTime
                0x08001f80       0x2c CMakeFiles/demo.elf.dir/Middlewares/Third_Party/FreeRTOS/Source/tasks.c.obj
 .text.prvInitialiseNewTask
                0x08001fac       0x9c CMakeFiles/demo.elf.dir/Middlewares/Third_Party/FreeRTOS/Source/tasks.c.obj
 .text.prvInitialiseTaskLists
                0x08002048       0x68 CMakeFiles/demo.elf.dir/Middlewares/Third_Party/FreeRTOS/Source/tasks.c.obj
 .text.prvAddNewTaskToReadyList
                0x080020b0       0xac CMakeFiles/demo.elf.dir/Middlewares/Third_Party/FreeRTOS/Source/tasks.c.obj
 .text.prvDeleteTCB
                0x0800215c       0x38 CMakeFiles/demo.elf.dir/Middlewares/Third_Party/FreeRTOS/Source/tasks.c.obj
 .text.prvCheckTasksWaitingTermination
                0x08002194       0x4c CMakeFiles/demo.elf.dir/Middlewares/Third_Party/FreeRTOS/Source/tasks.c.obj
 .text.prvIdleTask
                0x080021e0       0x28 CMakeFiles/demo.elf.dir/Middlewares/Third_Party/FreeRTOS/Source/tasks.c.obj
 .text.prvAddCurrentTaskToDelayedList
                0x08002208       0x7c CMakeFiles/demo.elf.dir/Middlewares/Third_Party/FreeRTOS/Source/tasks.c.obj
 .text.xTaskCreateStatic
                0x08002284       0x74 CMakeFiles/demo.elf.dir/Middlewares/Third_Party/FreeRTOS/Source/tasks.c.obj
                0x08002284                xTaskCreateStatic
 .text.xTaskCreate
                0x080022f8       0x68 CMakeFiles/demo.elf.dir/Middlewares/Third_Party/FreeRTOS/Source/tasks.c.obj
                0x080022f8                xTaskCreate
 .text.vTaskStartScheduler
                0x08002360       0x9c CMakeFiles/demo.elf.dir/Middlewares/Third_Party/FreeRTOS/Source/tasks.c.obj
                0x08002360                vTaskStartScheduler
 .text.vTaskSuspendAll
                0x080023fc       0x10 CMakeFiles/demo.elf.dir/Middlewares/Third_Party/FreeRTOS/Source/tasks.c.obj
                0x080023fc                vTaskSuspendAll
 .text.xTaskGetTickCount
                0x0800240c        0xc CMakeFiles/demo.elf.dir/Middlewares/Third_Party/FreeRTOS/Source/tasks.c.obj
                0x0800240c                xTaskGetTickCount
 .text.xTaskIncrementTick
                0x08002418      0x118 CMakeFiles/demo.elf.dir/Middlewares/Third_Party/FreeRTOS/Source/tasks.c.obj
                0x08002418                xTaskIncrementTick
 .text.xTaskResumeAll
                0x08002530       0xf8 CMakeFiles/demo.elf.dir/Middlewares/Third_Party/FreeRTOS/Source/tasks.c.obj
                0x08002530                xTaskResumeAll
 .text.vTaskDelay
                0x08002628       0x4c CMakeFiles/demo.elf.dir/Middlewares/Third_Party/FreeRTOS/Source/tasks.c.obj
                0x08002628                vTaskDelay
 .text.vTaskSwitchContext
                0x08002674       0x94 CMakeFiles/demo.elf.dir/Middlewares/Third_Party/FreeRTOS/Source/tasks.c.obj
                0x08002674                vTaskSwitchContext
 .text.vTaskPlaceOnEventList
                0x08002708       0x30 CMakeFiles/demo.elf.dir/Middlewares/Third_Party/FreeRTOS/Source/tasks.c.obj
                0x08002708                vTaskPlaceOnEventList
 .text.vTaskPlaceOnEventListRestricted
                0x08002738       0x38 CMakeFiles/demo.elf.dir/Middlewares/Third_Party/FreeRTOS/Source/tasks.c.obj
                0x08002738                vTaskPlaceOnEventListRestricted
 .text.xTaskRemoveFromEventList
                0x08002770       0x8c CMakeFiles/demo.elf.dir/Middlewares/Third_Party/FreeRTOS/Source/tasks.c.obj
                0x08002770                xTaskRemoveFromEventList
 .text.vTaskInternalSetTimeOutState
                0x080027fc       0x18 CMakeFiles/demo.elf.dir/Middlewares/Third_Party/FreeRTOS/Source/tasks.c.obj
                0x080027fc                vTaskInternalSetTimeOutState
 .text.xTaskCheckForTimeOut
                0x08002814       0x84 CMakeFiles/demo.elf.dir/Middlewares/Third_Party/FreeRTOS/Source/tasks.c.obj
                0x08002814                xTaskCheckForTimeOut
 .text.vTaskMissedYield
                0x08002898        0xc CMakeFiles/demo.elf.dir/Middlewares/Third_Party/FreeRTOS/Source/tasks.c.obj
                0x08002898                vTaskMissedYield
 .text.xTaskGetSchedulerState
                0x080028a4       0x20 CMakeFiles/demo.elf.dir/Middlewares/Third_Party/FreeRTOS/Source/tasks.c.obj
                0x080028a4                xTaskGetSchedulerState
 .text.xTaskPriorityDisinherit
                0x080028c4       0x90 CMakeFiles/demo.elf.dir/Middlewares/Third_Party/FreeRTOS/Source/tasks.c.obj
                0x080028c4                xTaskPriorityDisinherit
 .text.prvGetNextExpireTime
                0x08002954       0x20 CMakeFiles/demo.elf.dir/Middlewares/Third_Party/FreeRTOS/Source/timers.c.obj
 .text.prvInsertTimerInActiveList
                0x08002974       0x48 CMakeFiles/demo.elf.dir/Middlewares/Third_Party/FreeRTOS/Source/timers.c.obj
 .text.prvCheckForValidListAndQueue
                0x080029bc       0x70 CMakeFiles/demo.elf.dir/Middlewares/Third_Party/FreeRTOS/Source/timers.c.obj
 .text.xTimerCreateTimerTask
                0x08002a2c       0x64 CMakeFiles/demo.elf.dir/Middlewares/Third_Party/FreeRTOS/Source/timers.c.obj
                0x08002a2c                xTimerCreateTimerTask
 .text.xTimerGenericCommand
                0x08002a90       0x6c CMakeFiles/demo.elf.dir/Middlewares/Third_Party/FreeRTOS/Source/timers.c.obj
                0x08002a90                xTimerGenericCommand
 .text.prvSwitchTimerLists
                0x08002afc       0x78 CMakeFiles/demo.elf.dir/Middlewares/Third_Party/FreeRTOS/Source/timers.c.obj
 .text.prvSampleTimeNow
                0x08002b74       0x2c CMakeFiles/demo.elf.dir/Middlewares/Third_Party/FreeRTOS/Source/timers.c.obj
 .text.prvProcessExpiredTimer
                0x08002ba0       0x60 CMakeFiles/demo.elf.dir/Middlewares/Third_Party/FreeRTOS/Source/timers.c.obj
 .text.prvProcessTimerOrBlockTask
                0x08002c00       0x74 CMakeFiles/demo.elf.dir/Middlewares/Third_Party/FreeRTOS/Source/timers.c.obj
 .text.prvProcessReceivedCommands
                0x08002c74       0xf8 CMakeFiles/demo.elf.dir/Middlewares/Third_Party/FreeRTOS/Source/timers.c.obj
 .text.prvTimerTask
                0x08002d6c       0x16 CMakeFiles/demo.elf.dir/Middlewares/Third_Party/FreeRTOS/Source/timers.c.obj
 *fill*         0x08002d82        0x2 
 .text.__libc_init_array
                0x08002d84       0x48 d:/arm-none-eabi/bin/../lib/gcc/arm-none-eabi/10.3.1/../../../../arm-none-eabi/lib/thumb/v7-m/nofp\libg.a(lib_a-init.o)
                0x08002d84                __libc_init_array
 .text.memset   0x08002dcc       0xa4 d:/arm-none-eabi/bin/../lib/gcc/arm-none-eabi/10.3.1/../../../../arm-none-eabi/lib/thumb/v7-m/nofp\libg.a(lib_a-memset.o)
                0x08002dcc                memset
 .text.startup.register_fini
                0x08002e70       0x14 d:/arm-none-eabi/bin/../lib/gcc/arm-none-eabi/10.3.1/../../../../arm-none-eabi/lib/thumb/v7-m/nofp\libg.a(lib_a-__call_atexit.o)
 .text.atexit   0x08002e84        0xc d:/arm-none-eabi/bin/../lib/gcc/arm-none-eabi/10.3.1/../../../../arm-none-eabi/lib/thumb/v7-m/nofp\libg.a(lib_a-atexit.o)
                0x08002e84                atexit
 .text.__libc_fini_array
                0x08002e90       0x2c d:/arm-none-eabi/bin/../lib/gcc/arm-none-eabi/10.3.1/../../../../arm-none-eabi/lib/thumb/v7-m/nofp\libg.a(lib_a-fini.o)
                0x08002e90                __libc_fini_array
 .text.__retarget_lock_acquire_recursive
                0x08002ebc        0x4 d:/arm-none-eabi/bin/../lib/gcc/arm-none-eabi/10.3.1/../../../../arm-none-eabi/lib/thumb/v7-m/nofp\libg.a(lib_a-lock.o)
                0x08002ebc                __retarget_lock_acquire_recursive
 .text.__retarget_lock_release_recursive
                0x08002ec0        0x4 d:/arm-none-eabi/bin/../lib/gcc/arm-none-eabi/10.3.1/../../../../arm-none-eabi/lib/thumb/v7-m/nofp\libg.a(lib_a-lock.o)
                0x08002ec0                __retarget_lock_release_recursive
 .text.__register_exitproc
                0x08002ec4       0x8c d:/arm-none-eabi/bin/../lib/gcc/arm-none-eabi/10.3.1/../../../../arm-none-eabi/lib/thumb/v7-m/nofp\libg.a(lib_a-__atexit.o)
                0x08002ec4                __register_exitproc
 *(.glue_7)
 .glue_7        0x08002f50        0x0 linker stubs
 *(.glue_7t)
 .glue_7t       0x08002f50        0x0 linker stubs
 *(.eh_frame)
 .eh_frame      0x08002f50        0x0 d:/arm-none-eabi/bin/../lib/gcc/arm-none-eabi/10.3.1/thumb/v7-m/nofp/crtbegin.o
 *(.init)
 .init          0x08002f50        0x4 d:/arm-none-eabi/bin/../lib/gcc/arm-none-eabi/10.3.1/thumb/v7-m/nofp/crti.o
                0x08002f50                _init
 .init          0x08002f54        0x8 d:/arm-none-eabi/bin/../lib/gcc/arm-none-eabi/10.3.1/thumb/v7-m/nofp/crtn.o
 *(.fini)
 .fini          0x08002f5c        0x4 d:/arm-none-eabi/bin/../lib/gcc/arm-none-eabi/10.3.1/thumb/v7-m/nofp/crti.o
                0x08002f5c                _fini
 .fini          0x08002f60        0x8 d:/arm-none-eabi/bin/../lib/gcc/arm-none-eabi/10.3.1/thumb/v7-m/nofp/crtn.o
                0x08002f68                . = ALIGN (0x4)
                0x08002f68                _etext = .

.vfp11_veneer   0x08002f68        0x0
 .vfp11_veneer  0x08002f68        0x0 linker stubs

.v4_bx          0x08002f68        0x0
 .v4_bx         0x08002f68        0x0 linker stubs

.iplt           0x08002f68        0x0
 .iplt          0x08002f68        0x0 d:/arm-none-eabi/bin/../lib/gcc/arm-none-eabi/10.3.1/thumb/v7-m/nofp/crtbegin.o

.rodata         0x08002f68       0xa0
                0x08002f68                . = ALIGN (0x4)
 *(.rodata)
 *(.rodata*)
 .rodata.str1.4
                0x08002f68        0xd CMakeFiles/demo.elf.dir/Core/Src/freertos.c.obj
 *fill*         0x08002f75        0x3 
 .rodata.LED1_attributes
                0x08002f78       0x24 CMakeFiles/demo.elf.dir/Core/Src/freertos.c.obj
                0x08002f78                LED1_attributes
 .rodata.LED2_attributes
                0x08002f9c       0x24 CMakeFiles/demo.elf.dir/Core/Src/freertos.c.obj
                0x08002f9c                LED2_attributes
 .rodata.AHBPrescTable
                0x08002fc0       0x10 CMakeFiles/demo.elf.dir/Core/Src/system_stm32f1xx.c.obj
                0x08002fc0                AHBPrescTable
 .rodata.APBPrescTable
                0x08002fd0        0x8 CMakeFiles/demo.elf.dir/Core/Src/system_stm32f1xx.c.obj
                0x08002fd0                APBPrescTable
 .rodata.aPLLMULFactorTable.1
                0x08002fd8       0x10 CMakeFiles/demo.elf.dir/Drivers/STM32F1xx_HAL_Driver/Src/stm32f1xx_hal_rcc.c.obj
 .rodata.aPredivFactorTable.0
                0x08002fe8        0x2 CMakeFiles/demo.elf.dir/Drivers/STM32F1xx_HAL_Driver/Src/stm32f1xx_hal_rcc.c.obj
 *fill*         0x08002fea        0x2 
 .rodata.vTaskStartScheduler.str1.4
                0x08002fec        0x5 CMakeFiles/demo.elf.dir/Middlewares/Third_Party/FreeRTOS/Source/tasks.c.obj
 *fill*         0x08002ff1        0x3 
 .rodata.prvCheckForValidListAndQueue.str1.4
                0x08002ff4        0x5 CMakeFiles/demo.elf.dir/Middlewares/Third_Party/FreeRTOS/Source/timers.c.obj
 *fill*         0x08002ff9        0x3 
 .rodata.xTimerCreateTimerTask.str1.4
                0x08002ffc        0x8 CMakeFiles/demo.elf.dir/Middlewares/Third_Party/FreeRTOS/Source/timers.c.obj
 .rodata._global_impure_ptr
                0x08003004        0x4 d:/arm-none-eabi/bin/../lib/gcc/arm-none-eabi/10.3.1/../../../../arm-none-eabi/lib/thumb/v7-m/nofp\libg.a(lib_a-impure.o)
                0x08003004                _global_impure_ptr
                0x08003008                . = ALIGN (0x4)

.rel.dyn        0x08003008        0x0
 .rel.iplt      0x08003008        0x0 d:/arm-none-eabi/bin/../lib/gcc/arm-none-eabi/10.3.1/thumb/v7-m/nofp/crtbegin.o

.ARM.extab      0x08003008        0x0
                0x08003008                . = ALIGN (0x4)
 *(.ARM.extab* .gnu.linkonce.armextab.*)
                0x08003008                . = ALIGN (0x4)

.ARM            0x08003008        0x0
                0x08003008                . = ALIGN (0x4)
                0x08003008                __exidx_start = .
 *(.ARM.exidx*)
                0x08003008                __exidx_end = .
                0x08003008                . = ALIGN (0x4)

.preinit_array  0x08003008        0x0
                0x08003008                . = ALIGN (0x4)
                0x08003008                PROVIDE (__preinit_array_start = .)
 *(.preinit_array*)
                0x08003008                PROVIDE (__preinit_array_end = .)
                0x08003008                . = ALIGN (0x4)

.init_array     0x08003008        0x8
                0x08003008                . = ALIGN (0x4)
                0x08003008                PROVIDE (__init_array_start = .)
 *(SORT_BY_NAME(.init_array.*))
 .init_array.00000
                0x08003008        0x4 d:/arm-none-eabi/bin/../lib/gcc/arm-none-eabi/10.3.1/../../../../arm-none-eabi/lib/thumb/v7-m/nofp\libg.a(lib_a-__call_atexit.o)
 *(.init_array*)
 .init_array    0x0800300c        0x4 d:/arm-none-eabi/bin/../lib/gcc/arm-none-eabi/10.3.1/thumb/v7-m/nofp/crtbegin.o
                0x08003010                PROVIDE (__init_array_end = .)
                0x08003010                . = ALIGN (0x4)

.fini_array     0x08003010        0x4
                0x08003010                . = ALIGN (0x4)
                0x08003010                PROVIDE (__fini_array_start = .)
 *(SORT_BY_NAME(.fini_array.*))
 *(.fini_array*)
 .fini_array    0x08003010        0x4 d:/arm-none-eabi/bin/../lib/gcc/arm-none-eabi/10.3.1/thumb/v7-m/nofp/crtbegin.o
                0x08003014                PROVIDE (__fini_array_end = .)
                0x08003014                . = ALIGN (0x4)
                0x08003014                _sidata = LOADADDR (.data)

.data           0x20000000      0x43c load address 0x08003014
                0x20000000                . = ALIGN (0x4)
                0x20000000                _sdata = .
 *(.data)
 *(.data*)
 .data.SystemCoreClock
                0x20000000        0x4 CMakeFiles/demo.elf.dir/Core/Src/system_stm32f1xx.c.obj
                0x20000000                SystemCoreClock
 .data.uwTickFreq
                0x20000004        0x1 CMakeFiles/demo.elf.dir/Drivers/STM32F1xx_HAL_Driver/Src/stm32f1xx_hal.c.obj
                0x20000004                uwTickFreq
 *fill*         0x20000005        0x3 
 .data.uwTickPrio
                0x20000008        0x4 CMakeFiles/demo.elf.dir/Drivers/STM32F1xx_HAL_Driver/Src/stm32f1xx_hal.c.obj
                0x20000008                uwTickPrio
 .data.uxCriticalNesting
                0x2000000c        0x4 CMakeFiles/demo.elf.dir/Middlewares/Third_Party/FreeRTOS/Source/portable/GCC/ARM_CM3/port.c.obj
 .data.impure_data
                0x20000010      0x428 d:/arm-none-eabi/bin/../lib/gcc/arm-none-eabi/10.3.1/../../../../arm-none-eabi/lib/thumb/v7-m/nofp\libg.a(lib_a-impure.o)
 .data.__atexit_recursive_mutex
                0x20000438        0x4 d:/arm-none-eabi/bin/../lib/gcc/arm-none-eabi/10.3.1/../../../../arm-none-eabi/lib/thumb/v7-m/nofp\libg.a(lib_a-__call_atexit.o)
                0x20000438                __atexit_recursive_mutex
 *(.RamFunc)
 *(.RamFunc*)
                0x2000043c                . = ALIGN (0x4)
                0x2000043c                _edata = .

.igot.plt       0x2000043c        0x0 load address 0x08003450
 .igot.plt      0x2000043c        0x0 d:/arm-none-eabi/bin/../lib/gcc/arm-none-eabi/10.3.1/thumb/v7-m/nofp/crtbegin.o
                0x2000043c                . = ALIGN (0x4)

.bss            0x2000043c     0x19bc load address 0x08003450
                0x2000043c                _sbss = .
                0x2000043c                __bss_start__ = _sbss
 *(.bss)
 .bss           0x2000043c       0x1c d:/arm-none-eabi/bin/../lib/gcc/arm-none-eabi/10.3.1/thumb/v7-m/nofp/crtbegin.o
 *(.bss*)
 .bss.LED1Handle
                0x20000458        0x4 CMakeFiles/demo.elf.dir/Core/Src/freertos.c.obj
                0x20000458                LED1Handle
 .bss.LED2Handle
                0x2000045c        0x4 CMakeFiles/demo.elf.dir/Core/Src/freertos.c.obj
                0x2000045c                LED2Handle
 .bss.htim2     0x20000460       0x48 CMakeFiles/demo.elf.dir/Core/Src/stm32f1xx_hal_timebase_tim.c.obj
                0x20000460                htim2
 .bss.uwTick    0x200004a8        0x4 CMakeFiles/demo.elf.dir/Drivers/STM32F1xx_HAL_Driver/Src/stm32f1xx_hal.c.obj
                0x200004a8                uwTick
 .bss.Idle_Stack
                0x200004ac      0x200 CMakeFiles/demo.elf.dir/Middlewares/Third_Party/FreeRTOS/Source/CMSIS_RTOS_V2/cmsis_os2.c.obj
 .bss.Idle_TCB  0x200006ac       0x5c CMakeFiles/demo.elf.dir/Middlewares/Third_Party/FreeRTOS/Source/CMSIS_RTOS_V2/cmsis_os2.c.obj
 .bss.KernelState
                0x20000708        0x4 CMakeFiles/demo.elf.dir/Middlewares/Third_Party/FreeRTOS/Source/CMSIS_RTOS_V2/cmsis_os2.c.obj
 .bss.Timer_Stack
                0x2000070c      0x400 CMakeFiles/demo.elf.dir/Middlewares/Third_Party/FreeRTOS/Source/CMSIS_RTOS_V2/cmsis_os2.c.obj
 .bss.Timer_TCB
                0x20000b0c       0x5c CMakeFiles/demo.elf.dir/Middlewares/Third_Party/FreeRTOS/Source/CMSIS_RTOS_V2/cmsis_os2.c.obj
 .bss.ucMaxSysCallPriority
                0x20000b68        0x1 CMakeFiles/demo.elf.dir/Middlewares/Third_Party/FreeRTOS/Source/portable/GCC/ARM_CM3/port.c.obj
 *fill*         0x20000b69        0x3 
 .bss.ulMaxPRIGROUPValue
                0x20000b6c        0x4 CMakeFiles/demo.elf.dir/Middlewares/Third_Party/FreeRTOS/Source/portable/GCC/ARM_CM3/port.c.obj
 .bss.pxEnd     0x20000b70        0x4 CMakeFiles/demo.elf.dir/Middlewares/Third_Party/FreeRTOS/Source/portable/MemMang/heap_4.c.obj
 .bss.ucHeap    0x20000b74      0xc00 CMakeFiles/demo.elf.dir/Middlewares/Third_Party/FreeRTOS/Source/portable/MemMang/heap_4.c.obj
 .bss.xBlockAllocatedBit
                0x20001774        0x4 CMakeFiles/demo.elf.dir/Middlewares/Third_Party/FreeRTOS/Source/portable/MemMang/heap_4.c.obj
 .bss.xFreeBytesRemaining
                0x20001778        0x4 CMakeFiles/demo.elf.dir/Middlewares/Third_Party/FreeRTOS/Source/portable/MemMang/heap_4.c.obj
 .bss.xMinimumEverFreeBytesRemaining
                0x2000177c        0x4 CMakeFiles/demo.elf.dir/Middlewares/Third_Party/FreeRTOS/Source/portable/MemMang/heap_4.c.obj
 .bss.xStart    0x20001780        0x8 CMakeFiles/demo.elf.dir/Middlewares/Third_Party/FreeRTOS/Source/portable/MemMang/heap_4.c.obj
 .bss.xQueueRegistry
                0x20001788       0x40 CMakeFiles/demo.elf.dir/Middlewares/Third_Party/FreeRTOS/Source/queue.c.obj
                0x20001788                xQueueRegistry
 .bss.pxCurrentTCB
                0x200017c8        0x4 CMakeFiles/demo.elf.dir/Middlewares/Third_Party/FreeRTOS/Source/tasks.c.obj
                0x200017c8                pxCurrentTCB
 .bss.pxDelayedTaskList
                0x200017cc        0x4 CMakeFiles/demo.elf.dir/Middlewares/Third_Party/FreeRTOS/Source/tasks.c.obj
 .bss.pxOverflowDelayedTaskList
                0x200017d0        0x4 CMakeFiles/demo.elf.dir/Middlewares/Third_Party/FreeRTOS/Source/tasks.c.obj
 .bss.pxReadyTasksLists
                0x200017d4      0x460 CMakeFiles/demo.elf.dir/Middlewares/Third_Party/FreeRTOS/Source/tasks.c.obj
 .bss.uxCurrentNumberOfTasks
                0x20001c34        0x4 CMakeFiles/demo.elf.dir/Middlewares/Third_Party/FreeRTOS/Source/tasks.c.obj
 .bss.uxDeletedTasksWaitingCleanUp
                0x20001c38        0x4 CMakeFiles/demo.elf.dir/Middlewares/Third_Party/FreeRTOS/Source/tasks.c.obj
 .bss.uxPendedTicks
                0x20001c3c        0x4 CMakeFiles/demo.elf.dir/Middlewares/Third_Party/FreeRTOS/Source/tasks.c.obj
 .bss.uxSchedulerSuspended
                0x20001c40        0x4 CMakeFiles/demo.elf.dir/Middlewares/Third_Party/FreeRTOS/Source/tasks.c.obj
 .bss.uxTaskNumber
                0x20001c44        0x4 CMakeFiles/demo.elf.dir/Middlewares/Third_Party/FreeRTOS/Source/tasks.c.obj
 .bss.uxTopReadyPriority
                0x20001c48        0x4 CMakeFiles/demo.elf.dir/Middlewares/Third_Party/FreeRTOS/Source/tasks.c.obj
 .bss.xDelayedTaskList1
                0x20001c4c       0x14 CMakeFiles/demo.elf.dir/Middlewares/Third_Party/FreeRTOS/Source/tasks.c.obj
 .bss.xDelayedTaskList2
                0x20001c60       0x14 CMakeFiles/demo.elf.dir/Middlewares/Third_Party/FreeRTOS/Source/tasks.c.obj
 .bss.xIdleTaskHandle
                0x20001c74        0x4 CMakeFiles/demo.elf.dir/Middlewares/Third_Party/FreeRTOS/Source/tasks.c.obj
 .bss.xNextTaskUnblockTime
                0x20001c78        0x4 CMakeFiles/demo.elf.dir/Middlewares/Third_Party/FreeRTOS/Source/tasks.c.obj
 .bss.xNumOfOverflows
                0x20001c7c        0x4 CMakeFiles/demo.elf.dir/Middlewares/Third_Party/FreeRTOS/Source/tasks.c.obj
 .bss.xPendingReadyList
                0x20001c80       0x14 CMakeFiles/demo.elf.dir/Middlewares/Third_Party/FreeRTOS/Source/tasks.c.obj
 .bss.xSchedulerRunning
                0x20001c94        0x4 CMakeFiles/demo.elf.dir/Middlewares/Third_Party/FreeRTOS/Source/tasks.c.obj
 .bss.xSuspendedTaskList
                0x20001c98       0x14 CMakeFiles/demo.elf.dir/Middlewares/Third_Party/FreeRTOS/Source/tasks.c.obj
 .bss.xTasksWaitingTermination
                0x20001cac       0x14 CMakeFiles/demo.elf.dir/Middlewares/Third_Party/FreeRTOS/Source/tasks.c.obj
 .bss.xTickCount
                0x20001cc0        0x4 CMakeFiles/demo.elf.dir/Middlewares/Third_Party/FreeRTOS/Source/tasks.c.obj
 .bss.xYieldPending
                0x20001cc4        0x4 CMakeFiles/demo.elf.dir/Middlewares/Third_Party/FreeRTOS/Source/tasks.c.obj
 .bss.pxCurrentTimerList
                0x20001cc8        0x4 CMakeFiles/demo.elf.dir/Middlewares/Third_Party/FreeRTOS/Source/timers.c.obj
 .bss.pxOverflowTimerList
                0x20001ccc        0x4 CMakeFiles/demo.elf.dir/Middlewares/Third_Party/FreeRTOS/Source/timers.c.obj
 .bss.ucStaticTimerQueueStorage.1
                0x20001cd0       0xa0 CMakeFiles/demo.elf.dir/Middlewares/Third_Party/FreeRTOS/Source/timers.c.obj
 .bss.xActiveTimerList1
                0x20001d70       0x14 CMakeFiles/demo.elf.dir/Middlewares/Third_Party/FreeRTOS/Source/timers.c.obj
 .bss.xActiveTimerList2
                0x20001d84       0x14 CMakeFiles/demo.elf.dir/Middlewares/Third_Party/FreeRTOS/Source/timers.c.obj
 .bss.xLastTime.2
                0x20001d98        0x4 CMakeFiles/demo.elf.dir/Middlewares/Third_Party/FreeRTOS/Source/timers.c.obj
 .bss.xStaticTimerQueue.0
                0x20001d9c       0x50 CMakeFiles/demo.elf.dir/Middlewares/Third_Party/FreeRTOS/Source/timers.c.obj
 .bss.xTimerQueue
                0x20001dec        0x4 CMakeFiles/demo.elf.dir/Middlewares/Third_Party/FreeRTOS/Source/timers.c.obj
 .bss.xTimerTaskHandle
                0x20001df0        0x4 CMakeFiles/demo.elf.dir/Middlewares/Third_Party/FreeRTOS/Source/timers.c.obj
 .bss.__lock___atexit_recursive_mutex
                0x20001df4        0x1 d:/arm-none-eabi/bin/../lib/gcc/arm-none-eabi/10.3.1/../../../../arm-none-eabi/lib/thumb/v7-m/nofp\libg.a(lib_a-lock.o)
                0x20001df4                __lock___atexit_recursive_mutex
 *(COMMON)
                0x20001df8                . = ALIGN (0x4)
 *fill*         0x20001df5        0x3 
                0x20001df8                _ebss = .
                0x20001df8                __bss_end__ = _ebss

._user_heap_stack
                0x20001df8      0x600 load address 0x08003450
                0x20001df8                . = ALIGN (0x8)
                [!provide]                PROVIDE (end = .)
                0x20001df8                PROVIDE (_end = .)
                0x20001ff8                . = (. + _Min_Heap_Size)
 *fill*         0x20001df8      0x200 
                0x200023f8                . = (. + _Min_Stack_Size)
 *fill*         0x20001ff8      0x400 
                0x200023f8                . = ALIGN (0x8)

/DISCARD/
 libc.a(*)
 libm.a(*)
 libgcc.a(*)

.ARM.attributes
                0x00000000       0x29
 *(.ARM.attributes)
 .ARM.attributes
                0x00000000       0x1d d:/arm-none-eabi/bin/../lib/gcc/arm-none-eabi/10.3.1/thumb/v7-m/nofp/crti.o
 .ARM.attributes
                0x0000001d       0x2d d:/arm-none-eabi/bin/../lib/gcc/arm-none-eabi/10.3.1/thumb/v7-m/nofp/crtbegin.o
 .ARM.attributes
                0x0000004a       0x2d CMakeFiles/demo.elf.dir/Core/Src/freertos.c.obj
 .ARM.attributes
                0x00000077       0x2d CMakeFiles/demo.elf.dir/Core/Src/gpio.c.obj
 .ARM.attributes
                0x000000a4       0x2d CMakeFiles/demo.elf.dir/Core/Src/main.c.obj
 .ARM.attributes
                0x000000d1       0x2d CMakeFiles/demo.elf.dir/Core/Src/stm32f1xx_hal_msp.c.obj
 .ARM.attributes
                0x000000fe       0x2d CMakeFiles/demo.elf.dir/Core/Src/stm32f1xx_hal_timebase_tim.c.obj
 .ARM.attributes
                0x0000012b       0x2d CMakeFiles/demo.elf.dir/Core/Src/stm32f1xx_it.c.obj
 .ARM.attributes
                0x00000158       0x2d CMakeFiles/demo.elf.dir/Core/Src/system_stm32f1xx.c.obj
 .ARM.attributes
                0x00000185       0x21 CMakeFiles/demo.elf.dir/Core/Startup/startup_stm32f103c8tx.s.obj
 .ARM.attributes
                0x000001a6       0x2d CMakeFiles/demo.elf.dir/Drivers/STM32F1xx_HAL_Driver/Src/stm32f1xx_hal.c.obj
 .ARM.attributes
                0x000001d3       0x2d CMakeFiles/demo.elf.dir/Drivers/STM32F1xx_HAL_Driver/Src/stm32f1xx_hal_cortex.c.obj
 .ARM.attributes
                0x00000200       0x2d CMakeFiles/demo.elf.dir/Drivers/STM32F1xx_HAL_Driver/Src/stm32f1xx_hal_gpio.c.obj
 .ARM.attributes
                0x0000022d       0x2d CMakeFiles/demo.elf.dir/Drivers/STM32F1xx_HAL_Driver/Src/stm32f1xx_hal_rcc.c.obj
 .ARM.attributes
                0x0000025a       0x2d CMakeFiles/demo.elf.dir/Drivers/STM32F1xx_HAL_Driver/Src/stm32f1xx_hal_tim.c.obj
 .ARM.attributes
                0x00000287       0x2d CMakeFiles/demo.elf.dir/Drivers/STM32F1xx_HAL_Driver/Src/stm32f1xx_hal_tim_ex.c.obj
 .ARM.attributes
                0x000002b4       0x2d CMakeFiles/demo.elf.dir/Middlewares/Third_Party/FreeRTOS/Source/CMSIS_RTOS_V2/cmsis_os2.c.obj
 .ARM.attributes
                0x000002e1       0x2d CMakeFiles/demo.elf.dir/Middlewares/Third_Party/FreeRTOS/Source/list.c.obj
 .ARM.attributes
                0x0000030e       0x2d CMakeFiles/demo.elf.dir/Middlewares/Third_Party/FreeRTOS/Source/portable/GCC/ARM_CM3/port.c.obj
 .ARM.attributes
                0x0000033b       0x2d CMakeFiles/demo.elf.dir/Middlewares/Third_Party/FreeRTOS/Source/portable/MemMang/heap_4.c.obj
 .ARM.attributes
                0x00000368       0x2d CMakeFiles/demo.elf.dir/Middlewares/Third_Party/FreeRTOS/Source/queue.c.obj
 .ARM.attributes
                0x00000395       0x2d CMakeFiles/demo.elf.dir/Middlewares/Third_Party/FreeRTOS/Source/tasks.c.obj
 .ARM.attributes
                0x000003c2       0x2d CMakeFiles/demo.elf.dir/Middlewares/Third_Party/FreeRTOS/Source/timers.c.obj
 .ARM.attributes
                0x000003ef       0x2d d:/arm-none-eabi/bin/../lib/gcc/arm-none-eabi/10.3.1/../../../../arm-none-eabi/lib/thumb/v7-m/nofp\libg.a(lib_a-impure.o)
 .ARM.attributes
                0x0000041c       0x2d d:/arm-none-eabi/bin/../lib/gcc/arm-none-eabi/10.3.1/../../../../arm-none-eabi/lib/thumb/v7-m/nofp\libg.a(lib_a-init.o)
 .ARM.attributes
                0x00000449       0x1b d:/arm-none-eabi/bin/../lib/gcc/arm-none-eabi/10.3.1/../../../../arm-none-eabi/lib/thumb/v7-m/nofp\libg.a(lib_a-memcpy.o)
 .ARM.attributes
                0x00000464       0x2d d:/arm-none-eabi/bin/../lib/gcc/arm-none-eabi/10.3.1/../../../../arm-none-eabi/lib/thumb/v7-m/nofp\libg.a(lib_a-memset.o)
 .ARM.attributes
                0x00000491       0x2d d:/arm-none-eabi/bin/../lib/gcc/arm-none-eabi/10.3.1/../../../../arm-none-eabi/lib/thumb/v7-m/nofp\libg.a(lib_a-__call_atexit.o)
 .ARM.attributes
                0x000004be       0x2d d:/arm-none-eabi/bin/../lib/gcc/arm-none-eabi/10.3.1/../../../../arm-none-eabi/lib/thumb/v7-m/nofp\libg.a(lib_a-atexit.o)
 .ARM.attributes
                0x000004eb       0x2d d:/arm-none-eabi/bin/../lib/gcc/arm-none-eabi/10.3.1/../../../../arm-none-eabi/lib/thumb/v7-m/nofp\libg.a(lib_a-fini.o)
 .ARM.attributes
                0x00000518       0x2d d:/arm-none-eabi/bin/../lib/gcc/arm-none-eabi/10.3.1/../../../../arm-none-eabi/lib/thumb/v7-m/nofp\libg.a(lib_a-lock.o)
 .ARM.attributes
                0x00000545       0x2d d:/arm-none-eabi/bin/../lib/gcc/arm-none-eabi/10.3.1/../../../../arm-none-eabi/lib/thumb/v7-m/nofp\libg.a(lib_a-__atexit.o)
 .ARM.attributes
                0x00000572       0x1d d:/arm-none-eabi/bin/../lib/gcc/arm-none-eabi/10.3.1/thumb/v7-m/nofp/crtn.o
OUTPUT(demo.elf elf32-littlearm)
LOAD linker stubs
LOAD d:/arm-none-eabi/bin/../lib/gcc/arm-none-eabi/10.3.1/../../../../arm-none-eabi/lib/thumb/v7-m/nofp\libc.a
LOAD d:/arm-none-eabi/bin/../lib/gcc/arm-none-eabi/10.3.1/../../../../arm-none-eabi/lib/thumb/v7-m/nofp\libm.a
LOAD d:/arm-none-eabi/bin/../lib/gcc/arm-none-eabi/10.3.1/thumb/v7-m/nofp\libgcc.a

.debug_info     0x00000000    0x16d18
 .debug_info    0x00000000      0x3d6 CMakeFiles/demo.elf.dir/Core/Src/freertos.c.obj
 .debug_info    0x000003d6      0x311 CMakeFiles/demo.elf.dir/Core/Src/gpio.c.obj
 .debug_info    0x000006e7      0x910 CMakeFiles/demo.elf.dir/Core/Src/main.c.obj
 .debug_info    0x00000ff7      0x387 CMakeFiles/demo.elf.dir/Core/Src/stm32f1xx_hal_msp.c.obj
 .debug_info    0x0000137e      0xa4e CMakeFiles/demo.elf.dir/Core/Src/stm32f1xx_hal_timebase_tim.c.obj
 .debug_info    0x00001dcc      0x6ae CMakeFiles/demo.elf.dir/Core/Src/stm32f1xx_it.c.obj
 .debug_info    0x0000247a      0x248 CMakeFiles/demo.elf.dir/Core/Src/system_stm32f1xx.c.obj
 .debug_info    0x000026c2       0x22 CMakeFiles/demo.elf.dir/Core/Startup/startup_stm32f103c8tx.s.obj
 .debug_info    0x000026e4      0x7a8 CMakeFiles/demo.elf.dir/Drivers/STM32F1xx_HAL_Driver/Src/stm32f1xx_hal.c.obj
 .debug_info    0x00002e8c      0xd8a CMakeFiles/demo.elf.dir/Drivers/STM32F1xx_HAL_Driver/Src/stm32f1xx_hal_cortex.c.obj
 .debug_info    0x00003c16      0x66f CMakeFiles/demo.elf.dir/Drivers/STM32F1xx_HAL_Driver/Src/stm32f1xx_hal_gpio.c.obj
 .debug_info    0x00004285      0xa3b CMakeFiles/demo.elf.dir/Drivers/STM32F1xx_HAL_Driver/Src/stm32f1xx_hal_rcc.c.obj
 .debug_info    0x00004cc0     0x3d52 CMakeFiles/demo.elf.dir/Drivers/STM32F1xx_HAL_Driver/Src/stm32f1xx_hal_tim.c.obj
 .debug_info    0x00008a12     0x1abb CMakeFiles/demo.elf.dir/Drivers/STM32F1xx_HAL_Driver/Src/stm32f1xx_hal_tim_ex.c.obj
 .debug_info    0x0000a4cd     0x4b1f CMakeFiles/demo.elf.dir/Middlewares/Third_Party/FreeRTOS/Source/CMSIS_RTOS_V2/cmsis_os2.c.obj
 .debug_info    0x0000efec      0x2da CMakeFiles/demo.elf.dir/Middlewares/Third_Party/FreeRTOS/Source/list.c.obj
 .debug_info    0x0000f2c6      0x52b CMakeFiles/demo.elf.dir/Middlewares/Third_Party/FreeRTOS/Source/portable/GCC/ARM_CM3/port.c.obj
 .debug_info    0x0000f7f1      0x471 CMakeFiles/demo.elf.dir/Middlewares/Third_Party/FreeRTOS/Source/portable/MemMang/heap_4.c.obj
 .debug_info    0x0000fc62     0x2733 CMakeFiles/demo.elf.dir/Middlewares/Third_Party/FreeRTOS/Source/queue.c.obj
 .debug_info    0x00012395     0x301a CMakeFiles/demo.elf.dir/Middlewares/Third_Party/FreeRTOS/Source/tasks.c.obj
 .debug_info    0x000153af     0x1969 CMakeFiles/demo.elf.dir/Middlewares/Third_Party/FreeRTOS/Source/timers.c.obj

.debug_abbrev   0x00000000     0x2be5
 .debug_abbrev  0x00000000      0x118 CMakeFiles/demo.elf.dir/Core/Src/freertos.c.obj
 .debug_abbrev  0x00000118      0x13c CMakeFiles/demo.elf.dir/Core/Src/gpio.c.obj
 .debug_abbrev  0x00000254      0x204 CMakeFiles/demo.elf.dir/Core/Src/main.c.obj
 .debug_abbrev  0x00000458      0x12d CMakeFiles/demo.elf.dir/Core/Src/stm32f1xx_hal_msp.c.obj
 .debug_abbrev  0x00000585      0x1ff CMakeFiles/demo.elf.dir/Core/Src/stm32f1xx_hal_timebase_tim.c.obj
 .debug_abbrev  0x00000784      0x179 CMakeFiles/demo.elf.dir/Core/Src/stm32f1xx_it.c.obj
 .debug_abbrev  0x000008fd      0x13e CMakeFiles/demo.elf.dir/Core/Src/system_stm32f1xx.c.obj
 .debug_abbrev  0x00000a3b       0x12 CMakeFiles/demo.elf.dir/Core/Startup/startup_stm32f103c8tx.s.obj
 .debug_abbrev  0x00000a4d      0x1f4 CMakeFiles/demo.elf.dir/Drivers/STM32F1xx_HAL_Driver/Src/stm32f1xx_hal.c.obj
 .debug_abbrev  0x00000c41      0x341 CMakeFiles/demo.elf.dir/Drivers/STM32F1xx_HAL_Driver/Src/stm32f1xx_hal_cortex.c.obj
 .debug_abbrev  0x00000f82      0x1e6 CMakeFiles/demo.elf.dir/Drivers/STM32F1xx_HAL_Driver/Src/stm32f1xx_hal_gpio.c.obj
 .debug_abbrev  0x00001168      0x27a CMakeFiles/demo.elf.dir/Drivers/STM32F1xx_HAL_Driver/Src/stm32f1xx_hal_rcc.c.obj
 .debug_abbrev  0x000013e2      0x245 CMakeFiles/demo.elf.dir/Drivers/STM32F1xx_HAL_Driver/Src/stm32f1xx_hal_tim.c.obj
 .debug_abbrev  0x00001627      0x248 CMakeFiles/demo.elf.dir/Drivers/STM32F1xx_HAL_Driver/Src/stm32f1xx_hal_tim_ex.c.obj
 .debug_abbrev  0x0000186f      0x418 CMakeFiles/demo.elf.dir/Middlewares/Third_Party/FreeRTOS/Source/CMSIS_RTOS_V2/cmsis_os2.c.obj
 .debug_abbrev  0x00001c87      0x106 CMakeFiles/demo.elf.dir/Middlewares/Third_Party/FreeRTOS/Source/list.c.obj
 .debug_abbrev  0x00001d8d      0x27e CMakeFiles/demo.elf.dir/Middlewares/Third_Party/FreeRTOS/Source/portable/GCC/ARM_CM3/port.c.obj
 .debug_abbrev  0x0000200b      0x238 CMakeFiles/demo.elf.dir/Middlewares/Third_Party/FreeRTOS/Source/portable/MemMang/heap_4.c.obj
 .debug_abbrev  0x00002243      0x38c CMakeFiles/demo.elf.dir/Middlewares/Third_Party/FreeRTOS/Source/queue.c.obj
 .debug_abbrev  0x000025cf      0x313 CMakeFiles/demo.elf.dir/Middlewares/Third_Party/FreeRTOS/Source/tasks.c.obj
 .debug_abbrev  0x000028e2      0x303 CMakeFiles/demo.elf.dir/Middlewares/Third_Party/FreeRTOS/Source/timers.c.obj

.debug_loc      0x00000000    0x12dbb
 .debug_loc     0x00000000       0x4a CMakeFiles/demo.elf.dir/Core/Src/freertos.c.obj
 .debug_loc     0x0000004a       0x42 CMakeFiles/demo.elf.dir/Core/Src/main.c.obj
 .debug_loc     0x0000008c       0x15 CMakeFiles/demo.elf.dir/Core/Src/stm32f1xx_hal_msp.c.obj
 .debug_loc     0x000000a1      0x10e CMakeFiles/demo.elf.dir/Core/Src/stm32f1xx_hal_timebase_tim.c.obj
 .debug_loc     0x000001af       0xff CMakeFiles/demo.elf.dir/Core/Src/system_stm32f1xx.c.obj
 .debug_loc     0x000002ae      0x141 CMakeFiles/demo.elf.dir/Drivers/STM32F1xx_HAL_Driver/Src/stm32f1xx_hal.c.obj
 .debug_loc     0x000003ef      0x71f CMakeFiles/demo.elf.dir/Drivers/STM32F1xx_HAL_Driver/Src/stm32f1xx_hal_cortex.c.obj
 .debug_loc     0x00000b0e      0x47d CMakeFiles/demo.elf.dir/Drivers/STM32F1xx_HAL_Driver/Src/stm32f1xx_hal_gpio.c.obj
 .debug_loc     0x00000f8b      0x618 CMakeFiles/demo.elf.dir/Drivers/STM32F1xx_HAL_Driver/Src/stm32f1xx_hal_rcc.c.obj
 .debug_loc     0x000015a3     0x50fa CMakeFiles/demo.elf.dir/Drivers/STM32F1xx_HAL_Driver/Src/stm32f1xx_hal_tim.c.obj
 .debug_loc     0x0000669d     0x1c93 CMakeFiles/demo.elf.dir/Drivers/STM32F1xx_HAL_Driver/Src/stm32f1xx_hal_tim_ex.c.obj
 .debug_loc     0x00008330     0x579d CMakeFiles/demo.elf.dir/Middlewares/Third_Party/FreeRTOS/Source/CMSIS_RTOS_V2/cmsis_os2.c.obj
 .debug_loc     0x0000dacd       0xad CMakeFiles/demo.elf.dir/Middlewares/Third_Party/FreeRTOS/Source/list.c.obj
 .debug_loc     0x0000db7a       0xe8 CMakeFiles/demo.elf.dir/Middlewares/Third_Party/FreeRTOS/Source/portable/GCC/ARM_CM3/port.c.obj
 .debug_loc     0x0000dc62      0x331 CMakeFiles/demo.elf.dir/Middlewares/Third_Party/FreeRTOS/Source/portable/MemMang/heap_4.c.obj
 .debug_loc     0x0000df93     0x19de CMakeFiles/demo.elf.dir/Middlewares/Third_Party/FreeRTOS/Source/queue.c.obj
 .debug_loc     0x0000f971     0x24bc CMakeFiles/demo.elf.dir/Middlewares/Third_Party/FreeRTOS/Source/tasks.c.obj
 .debug_loc     0x00011e2d      0xf8e CMakeFiles/demo.elf.dir/Middlewares/Third_Party/FreeRTOS/Source/timers.c.obj

.debug_aranges  0x00000000     0x1068
 .debug_aranges
                0x00000000       0x30 CMakeFiles/demo.elf.dir/Core/Src/freertos.c.obj
 .debug_aranges
                0x00000030       0x20 CMakeFiles/demo.elf.dir/Core/Src/gpio.c.obj
 .debug_aranges
                0x00000050       0x38 CMakeFiles/demo.elf.dir/Core/Src/main.c.obj
 .debug_aranges
                0x00000088       0x20 CMakeFiles/demo.elf.dir/Core/Src/stm32f1xx_hal_msp.c.obj
 .debug_aranges
                0x000000a8       0x30 CMakeFiles/demo.elf.dir/Core/Src/stm32f1xx_hal_timebase_tim.c.obj
 .debug_aranges
                0x000000d8       0x50 CMakeFiles/demo.elf.dir/Core/Src/stm32f1xx_it.c.obj
 .debug_aranges
                0x00000128       0x28 CMakeFiles/demo.elf.dir/Core/Src/system_stm32f1xx.c.obj
 .debug_aranges
                0x00000150       0x28 CMakeFiles/demo.elf.dir/Core/Startup/startup_stm32f103c8tx.s.obj
 .debug_aranges
                0x00000178       0xe0 CMakeFiles/demo.elf.dir/Drivers/STM32F1xx_HAL_Driver/Src/stm32f1xx_hal.c.obj
 .debug_aranges
                0x00000258       0x90 CMakeFiles/demo.elf.dir/Drivers/STM32F1xx_HAL_Driver/Src/stm32f1xx_hal_cortex.c.obj
 .debug_aranges
                0x000002e8       0x58 CMakeFiles/demo.elf.dir/Drivers/STM32F1xx_HAL_Driver/Src/stm32f1xx_hal_gpio.c.obj
 .debug_aranges
                0x00000340       0x90 CMakeFiles/demo.elf.dir/Drivers/STM32F1xx_HAL_Driver/Src/stm32f1xx_hal_rcc.c.obj
 .debug_aranges
                0x000003d0      0x3d0 CMakeFiles/demo.elf.dir/Drivers/STM32F1xx_HAL_Driver/Src/stm32f1xx_hal_tim.c.obj
 .debug_aranges
                0x000007a0      0x168 CMakeFiles/demo.elf.dir/Drivers/STM32F1xx_HAL_Driver/Src/stm32f1xx_hal_tim_ex.c.obj
 .debug_aranges
                0x00000908      0x228 CMakeFiles/demo.elf.dir/Middlewares/Third_Party/FreeRTOS/Source/CMSIS_RTOS_V2/cmsis_os2.c.obj
 .debug_aranges
                0x00000b30       0x40 CMakeFiles/demo.elf.dir/Middlewares/Third_Party/FreeRTOS/Source/list.c.obj
 .debug_aranges
                0x00000b70       0x78 CMakeFiles/demo.elf.dir/Middlewares/Third_Party/FreeRTOS/Source/portable/GCC/ARM_CM3/port.c.obj
 .debug_aranges
                0x00000be8       0x50 CMakeFiles/demo.elf.dir/Middlewares/Third_Party/FreeRTOS/Source/portable/MemMang/heap_4.c.obj
 .debug_aranges
                0x00000c38      0x158 CMakeFiles/demo.elf.dir/Middlewares/Third_Party/FreeRTOS/Source/queue.c.obj
 .debug_aranges
                0x00000d90      0x1f8 CMakeFiles/demo.elf.dir/Middlewares/Third_Party/FreeRTOS/Source/tasks.c.obj
 .debug_aranges
                0x00000f88       0xe0 CMakeFiles/demo.elf.dir/Middlewares/Third_Party/FreeRTOS/Source/timers.c.obj

.debug_ranges   0x00000000     0x11a8
 .debug_ranges  0x00000000       0x20 CMakeFiles/demo.elf.dir/Core/Src/freertos.c.obj
 .debug_ranges  0x00000020       0x10 CMakeFiles/demo.elf.dir/Core/Src/gpio.c.obj
 .debug_ranges  0x00000030       0x28 CMakeFiles/demo.elf.dir/Core/Src/main.c.obj
 .debug_ranges  0x00000058       0x10 CMakeFiles/demo.elf.dir/Core/Src/stm32f1xx_hal_msp.c.obj
 .debug_ranges  0x00000068       0x20 CMakeFiles/demo.elf.dir/Core/Src/stm32f1xx_hal_timebase_tim.c.obj
 .debug_ranges  0x00000088       0x40 CMakeFiles/demo.elf.dir/Core/Src/stm32f1xx_it.c.obj
 .debug_ranges  0x000000c8       0x18 CMakeFiles/demo.elf.dir/Core/Src/system_stm32f1xx.c.obj
 .debug_ranges  0x000000e0       0x20 CMakeFiles/demo.elf.dir/Core/Startup/startup_stm32f103c8tx.s.obj
 .debug_ranges  0x00000100       0xd0 CMakeFiles/demo.elf.dir/Drivers/STM32F1xx_HAL_Driver/Src/stm32f1xx_hal.c.obj
 .debug_ranges  0x000001d0       0xe0 CMakeFiles/demo.elf.dir/Drivers/STM32F1xx_HAL_Driver/Src/stm32f1xx_hal_cortex.c.obj
 .debug_ranges  0x000002b0       0x48 CMakeFiles/demo.elf.dir/Drivers/STM32F1xx_HAL_Driver/Src/stm32f1xx_hal_gpio.c.obj
 .debug_ranges  0x000002f8       0xa0 CMakeFiles/demo.elf.dir/Drivers/STM32F1xx_HAL_Driver/Src/stm32f1xx_hal_rcc.c.obj
 .debug_ranges  0x00000398      0x3c0 CMakeFiles/demo.elf.dir/Drivers/STM32F1xx_HAL_Driver/Src/stm32f1xx_hal_tim.c.obj
 .debug_ranges  0x00000758      0x158 CMakeFiles/demo.elf.dir/Drivers/STM32F1xx_HAL_Driver/Src/stm32f1xx_hal_tim_ex.c.obj
 .debug_ranges  0x000008b0      0x218 CMakeFiles/demo.elf.dir/Middlewares/Third_Party/FreeRTOS/Source/CMSIS_RTOS_V2/cmsis_os2.c.obj
 .debug_ranges  0x00000ac8       0x30 CMakeFiles/demo.elf.dir/Middlewares/Third_Party/FreeRTOS/Source/list.c.obj
 .debug_ranges  0x00000af8       0x68 CMakeFiles/demo.elf.dir/Middlewares/Third_Party/FreeRTOS/Source/portable/GCC/ARM_CM3/port.c.obj
 .debug_ranges  0x00000b60       0x40 CMakeFiles/demo.elf.dir/Middlewares/Third_Party/FreeRTOS/Source/portable/MemMang/heap_4.c.obj
 .debug_ranges  0x00000ba0      0x218 CMakeFiles/demo.elf.dir/Middlewares/Third_Party/FreeRTOS/Source/queue.c.obj
 .debug_ranges  0x00000db8      0x320 CMakeFiles/demo.elf.dir/Middlewares/Third_Party/FreeRTOS/Source/tasks.c.obj
 .debug_ranges  0x000010d8       0xd0 CMakeFiles/demo.elf.dir/Middlewares/Third_Party/FreeRTOS/Source/timers.c.obj

.debug_line     0x00000000    0x12c1c
 .debug_line    0x00000000      0x1be CMakeFiles/demo.elf.dir/Core/Src/freertos.c.obj
 .debug_line    0x000001be      0x1e4 CMakeFiles/demo.elf.dir/Core/Src/gpio.c.obj
 .debug_line    0x000003a2      0x418 CMakeFiles/demo.elf.dir/Core/Src/main.c.obj
 .debug_line    0x000007ba      0x1c5 CMakeFiles/demo.elf.dir/Core/Src/stm32f1xx_hal_msp.c.obj
 .debug_line    0x0000097f      0x313 CMakeFiles/demo.elf.dir/Core/Src/stm32f1xx_hal_timebase_tim.c.obj
 .debug_line    0x00000c92      0x2a7 CMakeFiles/demo.elf.dir/Core/Src/stm32f1xx_it.c.obj
 .debug_line    0x00000f39      0x22e CMakeFiles/demo.elf.dir/Core/Src/system_stm32f1xx.c.obj
 .debug_line    0x00001167       0xa7 CMakeFiles/demo.elf.dir/Core/Startup/startup_stm32f103c8tx.s.obj
 .debug_line    0x0000120e      0x55e CMakeFiles/demo.elf.dir/Drivers/STM32F1xx_HAL_Driver/Src/stm32f1xx_hal.c.obj
 .debug_line    0x0000176c      0x645 CMakeFiles/demo.elf.dir/Drivers/STM32F1xx_HAL_Driver/Src/stm32f1xx_hal_cortex.c.obj
 .debug_line    0x00001db1      0x5ed CMakeFiles/demo.elf.dir/Drivers/STM32F1xx_HAL_Driver/Src/stm32f1xx_hal_gpio.c.obj
 .debug_line    0x0000239e      0xc2a CMakeFiles/demo.elf.dir/Drivers/STM32F1xx_HAL_Driver/Src/stm32f1xx_hal_rcc.c.obj
 .debug_line    0x00002fc8     0x4985 CMakeFiles/demo.elf.dir/Drivers/STM32F1xx_HAL_Driver/Src/stm32f1xx_hal_tim.c.obj
 .debug_line    0x0000794d     0x1bfa CMakeFiles/demo.elf.dir/Drivers/STM32F1xx_HAL_Driver/Src/stm32f1xx_hal_tim_ex.c.obj
 .debug_line    0x00009547     0x2d45 CMakeFiles/demo.elf.dir/Middlewares/Third_Party/FreeRTOS/Source/CMSIS_RTOS_V2/cmsis_os2.c.obj
 .debug_line    0x0000c28c      0x380 CMakeFiles/demo.elf.dir/Middlewares/Third_Party/FreeRTOS/Source/list.c.obj
 .debug_line    0x0000c60c      0x631 CMakeFiles/demo.elf.dir/Middlewares/Third_Party/FreeRTOS/Source/portable/GCC/ARM_CM3/port.c.obj
 .debug_line    0x0000cc3d      0x65a CMakeFiles/demo.elf.dir/Middlewares/Third_Party/FreeRTOS/Source/portable/MemMang/heap_4.c.obj
 .debug_line    0x0000d297     0x1ffe CMakeFiles/demo.elf.dir/Middlewares/Third_Party/FreeRTOS/Source/queue.c.obj
 .debug_line    0x0000f295     0x2bb5 CMakeFiles/demo.elf.dir/Middlewares/Third_Party/FreeRTOS/Source/tasks.c.obj
 .debug_line    0x00011e4a      0xdd2 CMakeFiles/demo.elf.dir/Middlewares/Third_Party/FreeRTOS/Source/timers.c.obj

.debug_str      0x00000000     0x5e8c
 .debug_str     0x00000000      0x684 CMakeFiles/demo.elf.dir/Core/Src/freertos.c.obj
                                0x6c6 (size before relaxing)
 .debug_str     0x00000684      0x111 CMakeFiles/demo.elf.dir/Core/Src/gpio.c.obj
                                0x2c9 (size before relaxing)
 .debug_str     0x00000795      0x670 CMakeFiles/demo.elf.dir/Core/Src/main.c.obj
                                0x8b6 (size before relaxing)
 .debug_str     0x00000e05      0x365 CMakeFiles/demo.elf.dir/Core/Src/stm32f1xx_hal_msp.c.obj
                                0x555 (size before relaxing)
 .debug_str     0x0000116a      0x14d CMakeFiles/demo.elf.dir/Core/Src/stm32f1xx_hal_timebase_tim.c.obj
                                0xb5e (size before relaxing)
 .debug_str     0x000012b7       0xc4 CMakeFiles/demo.elf.dir/Core/Src/stm32f1xx_it.c.obj
                                0x728 (size before relaxing)
 .debug_str     0x0000137b       0xa9 CMakeFiles/demo.elf.dir/Core/Src/system_stm32f1xx.c.obj
                                0x2a0 (size before relaxing)
 .debug_str     0x00001424       0x57 CMakeFiles/demo.elf.dir/Core/Startup/startup_stm32f103c8tx.s.obj
                                 0x99 (size before relaxing)
 .debug_str     0x0000147b      0x2d9 CMakeFiles/demo.elf.dir/Drivers/STM32F1xx_HAL_Driver/Src/stm32f1xx_hal.c.obj
                                0x870 (size before relaxing)
 .debug_str     0x00001754      0x3ca CMakeFiles/demo.elf.dir/Drivers/STM32F1xx_HAL_Driver/Src/stm32f1xx_hal_cortex.c.obj
                                0x91f (size before relaxing)
 .debug_str     0x00001b1e      0x14b CMakeFiles/demo.elf.dir/Drivers/STM32F1xx_HAL_Driver/Src/stm32f1xx_hal_gpio.c.obj
                                0x44c (size before relaxing)
 .debug_str     0x00001c69      0x1df CMakeFiles/demo.elf.dir/Drivers/STM32F1xx_HAL_Driver/Src/stm32f1xx_hal_rcc.c.obj
                                0x677 (size before relaxing)
 .debug_str     0x00001e48      0xef5 CMakeFiles/demo.elf.dir/Drivers/STM32F1xx_HAL_Driver/Src/stm32f1xx_hal_tim.c.obj
                               0x168b (size before relaxing)
 .debug_str     0x00002d3d      0x5b5 CMakeFiles/demo.elf.dir/Drivers/STM32F1xx_HAL_Driver/Src/stm32f1xx_hal_tim_ex.c.obj
                                0xe8c (size before relaxing)
 .debug_str     0x000032f2     0x122c CMakeFiles/demo.elf.dir/Middlewares/Third_Party/FreeRTOS/Source/CMSIS_RTOS_V2/cmsis_os2.c.obj
                               0x1937 (size before relaxing)
 .debug_str     0x0000451e      0x15a CMakeFiles/demo.elf.dir/Middlewares/Third_Party/FreeRTOS/Source/list.c.obj
                                0x341 (size before relaxing)
 .debug_str     0x00004678      0x261 CMakeFiles/demo.elf.dir/Middlewares/Third_Party/FreeRTOS/Source/portable/GCC/ARM_CM3/port.c.obj
                                0x4ad (size before relaxing)
 .debug_str     0x000048d9      0x209 CMakeFiles/demo.elf.dir/Middlewares/Third_Party/FreeRTOS/Source/portable/MemMang/heap_4.c.obj
                                0x42a (size before relaxing)
 .debug_str     0x00004ae2      0x5fc CMakeFiles/demo.elf.dir/Middlewares/Third_Party/FreeRTOS/Source/queue.c.obj
                                0xcbf (size before relaxing)
 .debug_str     0x000050de      0x8af CMakeFiles/demo.elf.dir/Middlewares/Third_Party/FreeRTOS/Source/tasks.c.obj
                               0x12bb (size before relaxing)
 .debug_str     0x0000598d      0x4ff CMakeFiles/demo.elf.dir/Middlewares/Third_Party/FreeRTOS/Source/timers.c.obj
                                0xc32 (size before relaxing)

.comment        0x00000000       0x49
 .comment       0x00000000       0x49 CMakeFiles/demo.elf.dir/Core/Src/freertos.c.obj
                                 0x4a (size before relaxing)
 .comment       0x00000049       0x4a CMakeFiles/demo.elf.dir/Core/Src/gpio.c.obj
 .comment       0x00000049       0x4a CMakeFiles/demo.elf.dir/Core/Src/main.c.obj
 .comment       0x00000049       0x4a CMakeFiles/demo.elf.dir/Core/Src/stm32f1xx_hal_msp.c.obj
 .comment       0x00000049       0x4a CMakeFiles/demo.elf.dir/Core/Src/stm32f1xx_hal_timebase_tim.c.obj
 .comment       0x00000049       0x4a CMakeFiles/demo.elf.dir/Core/Src/stm32f1xx_it.c.obj
 .comment       0x00000049       0x4a CMakeFiles/demo.elf.dir/Core/Src/system_stm32f1xx.c.obj
 .comment       0x00000049       0x4a CMakeFiles/demo.elf.dir/Drivers/STM32F1xx_HAL_Driver/Src/stm32f1xx_hal.c.obj
 .comment       0x00000049       0x4a CMakeFiles/demo.elf.dir/Drivers/STM32F1xx_HAL_Driver/Src/stm32f1xx_hal_cortex.c.obj
 .comment       0x00000049       0x4a CMakeFiles/demo.elf.dir/Drivers/STM32F1xx_HAL_Driver/Src/stm32f1xx_hal_gpio.c.obj
 .comment       0x00000049       0x4a CMakeFiles/demo.elf.dir/Drivers/STM32F1xx_HAL_Driver/Src/stm32f1xx_hal_rcc.c.obj
 .comment       0x00000049       0x4a CMakeFiles/demo.elf.dir/Drivers/STM32F1xx_HAL_Driver/Src/stm32f1xx_hal_tim.c.obj
 .comment       0x00000049       0x4a CMakeFiles/demo.elf.dir/Drivers/STM32F1xx_HAL_Driver/Src/stm32f1xx_hal_tim_ex.c.obj
 .comment       0x00000049       0x4a CMakeFiles/demo.elf.dir/Middlewares/Third_Party/FreeRTOS/Source/CMSIS_RTOS_V2/cmsis_os2.c.obj
 .comment       0x00000049       0x4a CMakeFiles/demo.elf.dir/Middlewares/Third_Party/FreeRTOS/Source/list.c.obj
 .comment       0x00000049       0x4a CMakeFiles/demo.elf.dir/Middlewares/Third_Party/FreeRTOS/Source/portable/GCC/ARM_CM3/port.c.obj
 .comment       0x00000049       0x4a CMakeFiles/demo.elf.dir/Middlewares/Third_Party/FreeRTOS/Source/portable/MemMang/heap_4.c.obj
 .comment       0x00000049       0x4a CMakeFiles/demo.elf.dir/Middlewares/Third_Party/FreeRTOS/Source/queue.c.obj
 .comment       0x00000049       0x4a CMakeFiles/demo.elf.dir/Middlewares/Third_Party/FreeRTOS/Source/tasks.c.obj
 .comment       0x00000049       0x4a CMakeFiles/demo.elf.dir/Middlewares/Third_Party/FreeRTOS/Source/timers.c.obj

.debug_frame    0x00000000     0x2fb4
 .debug_frame   0x00000000       0x58 CMakeFiles/demo.elf.dir/Core/Src/freertos.c.obj
 .debug_frame   0x00000058       0x30 CMakeFiles/demo.elf.dir/Core/Src/gpio.c.obj
 .debug_frame   0x00000088       0x70 CMakeFiles/demo.elf.dir/Core/Src/main.c.obj
 .debug_frame   0x000000f8       0x2c CMakeFiles/demo.elf.dir/Core/Src/stm32f1xx_hal_msp.c.obj
 .debug_frame   0x00000124       0x54 CMakeFiles/demo.elf.dir/Core/Src/stm32f1xx_hal_timebase_tim.c.obj
 .debug_frame   0x00000178       0x88 CMakeFiles/demo.elf.dir/Core/Src/stm32f1xx_it.c.obj
 .debug_frame   0x00000200       0x30 CMakeFiles/demo.elf.dir/Core/Src/system_stm32f1xx.c.obj
 .debug_frame   0x00000230      0x1cc CMakeFiles/demo.elf.dir/Drivers/STM32F1xx_HAL_Driver/Src/stm32f1xx_hal.c.obj
 .debug_frame   0x000003fc      0x118 CMakeFiles/demo.elf.dir/Drivers/STM32F1xx_HAL_Driver/Src/stm32f1xx_hal_cortex.c.obj
 .debug_frame   0x00000514       0xe4 CMakeFiles/demo.elf.dir/Drivers/STM32F1xx_HAL_Driver/Src/stm32f1xx_hal_gpio.c.obj
 .debug_frame   0x000005f8      0x184 CMakeFiles/demo.elf.dir/Drivers/STM32F1xx_HAL_Driver/Src/stm32f1xx_hal_rcc.c.obj
 .debug_frame   0x0000077c      0xb18 CMakeFiles/demo.elf.dir/Drivers/STM32F1xx_HAL_Driver/Src/stm32f1xx_hal_tim.c.obj
 .debug_frame   0x00001294      0x40c CMakeFiles/demo.elf.dir/Drivers/STM32F1xx_HAL_Driver/Src/stm32f1xx_hal_tim_ex.c.obj
 .debug_frame   0x000016a0      0x79c CMakeFiles/demo.elf.dir/Middlewares/Third_Party/FreeRTOS/Source/CMSIS_RTOS_V2/cmsis_os2.c.obj
 .debug_frame   0x00001e3c       0x70 CMakeFiles/demo.elf.dir/Middlewares/Third_Party/FreeRTOS/Source/list.c.obj
 .debug_frame   0x00001eac       0xf0 CMakeFiles/demo.elf.dir/Middlewares/Third_Party/FreeRTOS/Source/portable/GCC/ARM_CM3/port.c.obj
 .debug_frame   0x00001f9c       0xb0 CMakeFiles/demo.elf.dir/Middlewares/Third_Party/FreeRTOS/Source/portable/MemMang/heap_4.c.obj
 .debug_frame   0x0000204c      0x458 CMakeFiles/demo.elf.dir/Middlewares/Third_Party/FreeRTOS/Source/queue.c.obj
 .debug_frame   0x000024a4      0x660 CMakeFiles/demo.elf.dir/Middlewares/Third_Party/FreeRTOS/Source/tasks.c.obj
 .debug_frame   0x00002b04      0x2c4 CMakeFiles/demo.elf.dir/Middlewares/Third_Party/FreeRTOS/Source/timers.c.obj
 .debug_frame   0x00002dc8       0x2c d:/arm-none-eabi/bin/../lib/gcc/arm-none-eabi/10.3.1/../../../../arm-none-eabi/lib/thumb/v7-m/nofp\libg.a(lib_a-init.o)
 .debug_frame   0x00002df4       0x2c d:/arm-none-eabi/bin/../lib/gcc/arm-none-eabi/10.3.1/../../../../arm-none-eabi/lib/thumb/v7-m/nofp\libg.a(lib_a-memset.o)
 .debug_frame   0x00002e20       0x5c d:/arm-none-eabi/bin/../lib/gcc/arm-none-eabi/10.3.1/../../../../arm-none-eabi/lib/thumb/v7-m/nofp\libg.a(lib_a-__call_atexit.o)
 .debug_frame   0x00002e7c       0x20 d:/arm-none-eabi/bin/../lib/gcc/arm-none-eabi/10.3.1/../../../../arm-none-eabi/lib/thumb/v7-m/nofp\libg.a(lib_a-atexit.o)
 .debug_frame   0x00002e9c       0x34 d:/arm-none-eabi/bin/../lib/gcc/arm-none-eabi/10.3.1/../../../../arm-none-eabi/lib/thumb/v7-m/nofp\libg.a(lib_a-fini.o)
 .debug_frame   0x00002ed0       0xb0 d:/arm-none-eabi/bin/../lib/gcc/arm-none-eabi/10.3.1/../../../../arm-none-eabi/lib/thumb/v7-m/nofp\libg.a(lib_a-lock.o)
 .debug_frame   0x00002f80       0x34 d:/arm-none-eabi/bin/../lib/gcc/arm-none-eabi/10.3.1/../../../../arm-none-eabi/lib/thumb/v7-m/nofp\libg.a(lib_a-__atexit.o)
